interactions:
- request:
    body: null
    headers:
      Accept:
      - application/json
      Authorization:
      - SSWS myAPIToken
      Content-Type:
      - application/json
      User-Agent:
      - okta-sdk-python/1.0.0-alpha.1 python/3.8.3 Darwin/18.7.0
    method: POST
    uri: https://test.okta.com/api/v1/idps/credentials/keys
  response:
    body:
      string: '{"kty":"RSA","created":"2020-08-27T18:16:25.000Z","lastUpdated":"2020-08-27T18:16:25.000Z","expiresAt":"2025-12-18T22:23:32.000Z","alg":"RSA","kid":"8287c73d-fc1e-4d64-bf65-40ddd22a5aaa","use":"sig","x5c":["MIIDnjCCAoagAwIBAgIGAVG3MN+PMA0GCSqGSIb3DQEBBQUAMIGPMQswCQYDV            QQGEwJVUzETMBEGA1UECAwKQ2FsaWZvcm5pYTEWMBQGA1UEBwwNU2FuIEZyYW5ja            XNjbzENMAsGA1UECgwET2t0YTEUMBIGA1UECwwLU1NPUHJvdmlkZXIxEDAOBgNVB            AMMB2V4YW1wbGUxHDAaBgkqhkiG9w0BCQEWDWluZm9Ab2t0YS5jb20wHhcNMTUxM            jE4MjIyMjMyWhcNMjUxMjE4MjIyMzMyWjCBjzELMAkGA1UEBhMCVVMxEzARBgNVB            AgMCkNhbGlmb3JuaWExFjAUBgNVBAcMDVNhbiBGcmFuY2lzY28xDTALBgNVBAoMB            E9rdGExFDASBgNVBAsMC1NTT1Byb3ZpZGVyMRAwDgYDVQQDDAdleGFtcGxlMRwwG            gYJKoZIhvcNAQkBFg1pbmZvQG9rdGEuY29tMIIBIjANBgkqhkiG9w0BAQEFAAOCA            Q8AMIIBCgKCAQEAtcnyvuVCrsFEKCwHDenS3Ocjed8eWDv3zLtD2K/iZfE8BMj2w            pTfn6Ry8zCYey3mWlKdxIybnV9amrujGRnE0ab6Q16v9D6RlFQLOG6dwqoRKuZy3            3Uyg8PGdEudZjGbWuKCqqXEp+UKALJHV+k4wWeVH8g5d1n3KyR2TVajVJpCrPhLF            mq1Il4G/IUnPe4MvjXqB6CpKkog1+ThWsItPRJPAM+RweFHXq7KfChXsYE7Mmful            y8sDQlvBmQyxZnFHVuiPfCvGHJjpvHy11YlHdOjfgqHRvZbmo30+y0X/oY/yV4YE            J00LL6eJWU4wi7ViY3HP6/VCdRjHoRdr5L/DwIDAQABMA0GCSqGSIb3DQEBBQUAA            4IBAQCzzhOFkvyYLNFj2WDcq1YqD4sBy1iCia9QpRH3rjQvMKDwQDYWbi6EdOX0T            Q/IYR7UWGj+2pXd6v0t33lYtoKocp/4lUvT3tfBnWZ5KnObi+J2uY2teUqoYkASN            7F+GRPVOuMVoVgm05ss8tuMb2dLc9vsx93sDt+XlMTv/2qi5VPwaDtqduKkzwW9l            Ufn4xIMkTiVvCpe0X2HneD2Bpuao3/U8Rk0uiPfq6TooWaoW3kjsmErhEAs9bA7x            uqo1KKY9CdHcFhkSsMhoeaZylZHtzbnoipUlQKSLMdJQiiYZQ0bYL83/Ta9fulr1            EERICMFt3GUmtYaZZKHpWSfdJp9"],"x5t#S256":"wzPVobIrveR1x-PCbjsFGNV-6zn7Rm9KuOWOG4Rk6jE","e":"AQAB","n":"tcnyvuVCrsFEKCwHDenS3Ocjed8eWDv3zLtD2K_iZfE8BMj2wpTfn6Ry8zCYey3mWlKdxIybnV9amrujGRnE0ab6Q16v9D6RlFQLOG6dwqoRKuZy33Uyg8PGdEudZjGbWuKCqqXEp-UKALJHV-k4wWeVH8g5d1n3KyR2TVajVJpCrPhLFmq1Il4G_IUnPe4MvjXqB6CpKkog1-ThWsItPRJPAM-RweFHXq7KfChXsYE7Mmfuly8sDQlvBmQyxZnFHVuiPfCvGHJjpvHy11YlHdOjfgqHRvZbmo30-y0X_oY_yV4YEJ00LL6eJWU4wi7ViY3HP6_VCdRjHoRdr5L_Dw"}'
    headers:
      Connection: keep-alive
      Content-Encoding: gzip
      Content-Type: application/json;charset=UTF-8
      Date: Thu, 27 Aug 2020 18:16:25 GMT
      Public-Key-Pins-Report-Only: pin-sha256="r5EfzZxQVvQpKo3AgYRaT7X2bDO/kj3ACwmxfdT2zt8=";
        pin-sha256="MaqlcUgk2mvY/RFSGeSwBRkI+rZ6/dxe/DuQfBT/vnQ="; pin-sha256="72G5IEvDEWn+EThf3qjR7/bQSWaS2ZSLqolhnO6iyJI=";
        pin-sha256="rrV6CLCCvqnk89gWibYT0JO6fNQ8cCit7GGoiVTjCOg="; max-age=60; report-uri="https://okta.report-uri.com/r/default/hpkp/reportOnly"
      Server: nginx
      Strict-Transport-Security: max-age=315360000; includeSubDomains
      Transfer-Encoding: chunked
      Vary: Accept-Encoding
      cache-control: no-cache, no-store
      content-security-policy-report-only: 'default-src ''self'' *.oktacdn.com test.okta.com;
        connect-src ''self'' *.oktacdn.com *.mixpanel.com *.mapbox.com app.pendo.io
        data.pendo.io pendo-static-5634101834153984.storage.googleapis.com test.okta.com
        test-admin.okta.com https://oinmanager.okta.com data:; script-src ''unsafe-inline''
        ''unsafe-eval'' ''self'' *.oktacdn.com; style-src ''unsafe-inline'' ''self''
        *.oktacdn.com app.pendo.io cdn.pendo.io pendo-static-5634101834153984.storage.googleapis.com;
        frame-src ''self'' login.okta.com test.okta.com test-admin.okta.com; img-src
        ''self'' *.oktacdn.com test.okta.com *.tiles.mapbox.com *.mapbox.com app.pendo.io
        data.pendo.io cdn.pendo.io pendo-static-5634101834153984.storage.googleapis.com
        data: blob:; font-src data: ''self'' *.oktacdn.com fonts.gstatic.com; report-uri
        https://okta.report-uri.com/r/d/csp/reportOnly; report-to csp-report'
      expires: '0'
      p3p: CP="HONK"
      pragma: no-cache
      report-to: '{"group":"csp-report","max_age":31536000,"endpoints":[{"url":"https://okta.report-uri.com/r/d/csp/reportOnly"}],"include_subdomains":true}'
      set-cookie: JSESSIONID=4613D3949A3D8FBD2A85580CD5C46DC7; Path=/; Secure; HttpOnly
      x-content-type-options: nosniff
      x-okta-request-id: X0f4eURGmrKoIKeohJe8@QAAAAE
      x-rate-limit-limit: '1000'
      x-rate-limit-remaining: '957'
      x-rate-limit-reset: '1598552203'
      x-xss-protection: 1; mode=block; report=https://okta.report-uri.com/r/d/xss/enforce
    status:
      code: 200
      message: OK
    url: https://test.okta.com/api/v1/idps/credentials/keys
- request:
    body: null
    headers:
      Accept:
      - application/json
      Authorization:
      - SSWS myAPIToken
      Content-Type:
      - application/json
      User-Agent:
      - okta-sdk-python/1.0.0-alpha.1 python/3.8.3 Darwin/18.7.0
    method: GET
    uri: https://test.okta.com/api/v1/idps/credentials/keys/8287c73d-fc1e-4d64-bf65-40ddd22a5aaa
  response:
    body:
      string: '{"kty":"RSA","created":"2020-08-27T18:16:25.000Z","lastUpdated":"2020-08-27T18:16:25.000Z","expiresAt":"2025-12-18T22:23:32.000Z","alg":"RSA","kid":"8287c73d-fc1e-4d64-bf65-40ddd22a5aaa","use":"sig","x5c":["MIIDnjCCAoagAwIBAgIGAVG3MN+PMA0GCSqGSIb3DQEBBQUAMIGPMQswCQYDV            QQGEwJVUzETMBEGA1UECAwKQ2FsaWZvcm5pYTEWMBQGA1UEBwwNU2FuIEZyYW5ja            XNjbzENMAsGA1UECgwET2t0YTEUMBIGA1UECwwLU1NPUHJvdmlkZXIxEDAOBgNVB            AMMB2V4YW1wbGUxHDAaBgkqhkiG9w0BCQEWDWluZm9Ab2t0YS5jb20wHhcNMTUxM            jE4MjIyMjMyWhcNMjUxMjE4MjIyMzMyWjCBjzELMAkGA1UEBhMCVVMxEzARBgNVB            AgMCkNhbGlmb3JuaWExFjAUBgNVBAcMDVNhbiBGcmFuY2lzY28xDTALBgNVBAoMB            E9rdGExFDASBgNVBAsMC1NTT1Byb3ZpZGVyMRAwDgYDVQQDDAdleGFtcGxlMRwwG            gYJKoZIhvcNAQkBFg1pbmZvQG9rdGEuY29tMIIBIjANBgkqhkiG9w0BAQEFAAOCA            Q8AMIIBCgKCAQEAtcnyvuVCrsFEKCwHDenS3Ocjed8eWDv3zLtD2K/iZfE8BMj2w            pTfn6Ry8zCYey3mWlKdxIybnV9amrujGRnE0ab6Q16v9D6RlFQLOG6dwqoRKuZy3            3Uyg8PGdEudZjGbWuKCqqXEp+UKALJHV+k4wWeVH8g5d1n3KyR2TVajVJpCrPhLF            mq1Il4G/IUnPe4MvjXqB6CpKkog1+ThWsItPRJPAM+RweFHXq7KfChXsYE7Mmful            y8sDQlvBmQyxZnFHVuiPfCvGHJjpvHy11YlHdOjfgqHRvZbmo30+y0X/oY/yV4YE            J00LL6eJWU4wi7ViY3HP6/VCdRjHoRdr5L/DwIDAQABMA0GCSqGSIb3DQEBBQUAA            4IBAQCzzhOFkvyYLNFj2WDcq1YqD4sBy1iCia9QpRH3rjQvMKDwQDYWbi6EdOX0T            Q/IYR7UWGj+2pXd6v0t33lYtoKocp/4lUvT3tfBnWZ5KnObi+J2uY2teUqoYkASN            7F+GRPVOuMVoVgm05ss8tuMb2dLc9vsx93sDt+XlMTv/2qi5VPwaDtqduKkzwW9l            Ufn4xIMkTiVvCpe0X2HneD2Bpuao3/U8Rk0uiPfq6TooWaoW3kjsmErhEAs9bA7x            uqo1KKY9CdHcFhkSsMhoeaZylZHtzbnoipUlQKSLMdJQiiYZQ0bYL83/Ta9fulr1            EERICMFt3GUmtYaZZKHpWSfdJp9"],"x5t#S256":"wzPVobIrveR1x-PCbjsFGNV-6zn7Rm9KuOWOG4Rk6jE","e":"AQAB","n":"tcnyvuVCrsFEKCwHDenS3Ocjed8eWDv3zLtD2K_iZfE8BMj2wpTfn6Ry8zCYey3mWlKdxIybnV9amrujGRnE0ab6Q16v9D6RlFQLOG6dwqoRKuZy33Uyg8PGdEudZjGbWuKCqqXEp-UKALJHV-k4wWeVH8g5d1n3KyR2TVajVJpCrPhLFmq1Il4G_IUnPe4MvjXqB6CpKkog1-ThWsItPRJPAM-RweFHXq7KfChXsYE7Mmfuly8sDQlvBmQyxZnFHVuiPfCvGHJjpvHy11YlHdOjfgqHRvZbmo30-y0X_oY_yV4YEJ00LL6eJWU4wi7ViY3HP6_VCdRjHoRdr5L_Dw"}'
    headers:
      Connection: close
      Content-Encoding: gzip
      Content-Type: application/json;charset=UTF-8
      Date: Thu, 27 Aug 2020 18:16:25 GMT
      Public-Key-Pins-Report-Only: pin-sha256="r5EfzZxQVvQpKo3AgYRaT7X2bDO/kj3ACwmxfdT2zt8=";
        pin-sha256="MaqlcUgk2mvY/RFSGeSwBRkI+rZ6/dxe/DuQfBT/vnQ="; pin-sha256="72G5IEvDEWn+EThf3qjR7/bQSWaS2ZSLqolhnO6iyJI=";
        pin-sha256="rrV6CLCCvqnk89gWibYT0JO6fNQ8cCit7GGoiVTjCOg="; max-age=60; report-uri="https://okta.report-uri.com/r/default/hpkp/reportOnly"
      Server: nginx
      Strict-Transport-Security: max-age=315360000; includeSubDomains
      Transfer-Encoding: chunked
      Vary: Accept-Encoding
      cache-control: no-cache, no-store
      content-security-policy-report-only: 'default-src ''self'' *.oktacdn.com test.okta.com;
        connect-src ''self'' *.oktacdn.com *.mixpanel.com *.mapbox.com app.pendo.io
        data.pendo.io pendo-static-5634101834153984.storage.googleapis.com test.okta.com
        test-admin.okta.com https://oinmanager.okta.com data:; script-src ''unsafe-inline''
        ''unsafe-eval'' ''self'' *.oktacdn.com; style-src ''unsafe-inline'' ''self''
        *.oktacdn.com app.pendo.io cdn.pendo.io pendo-static-5634101834153984.storage.googleapis.com;
        frame-src ''self'' login.okta.com test.okta.com test-admin.okta.com; img-src
        ''self'' *.oktacdn.com test.okta.com *.tiles.mapbox.com *.mapbox.com app.pendo.io
        data.pendo.io cdn.pendo.io pendo-static-5634101834153984.storage.googleapis.com
        data: blob:; font-src data: ''self'' *.oktacdn.com fonts.gstatic.com; report-uri
        https://okta.report-uri.com/r/d/csp/reportOnly; report-to csp-report'
      expires: '0'
      p3p: CP="HONK"
      pragma: no-cache
      report-to: '{"group":"csp-report","max_age":31536000,"endpoints":[{"url":"https://okta.report-uri.com/r/d/csp/reportOnly"}],"include_subdomains":true}'
      set-cookie: JSESSIONID=B2F282453A755E0369FD5B7EBC80D82C; Path=/; Secure; HttpOnly
      x-content-type-options: nosniff
      x-okta-request-id: X0f4eVA08wmUwkWsZC62owAAB-4
      x-rate-limit-limit: '1000'
      x-rate-limit-remaining: '956'
      x-rate-limit-reset: '1598552203'
      x-xss-protection: 1; mode=block; report=https://okta.report-uri.com/r/d/xss/enforce
    status:
      code: 200
      message: OK
    url: https://test.okta.com/api/v1/idps/credentials/keys/8287c73d-fc1e-4d64-bf65-40ddd22a5aaa
- request:
    body: null
    headers:
      Accept:
      - application/json
      Authorization:
      - SSWS myAPIToken
      Content-Type:
      - application/json
      User-Agent:
      - okta-sdk-python/1.0.0-alpha.1 python/3.8.3 Darwin/18.7.0
    method: DELETE
    uri: https://test.okta.com/api/v1/idps/credentials/keys/8287c73d-fc1e-4d64-bf65-40ddd22a5aaa
  response:
    body:
      string: ''
    headers:
      Connection: keep-alive
      Date: Thu, 27 Aug 2020 18:16:25 GMT
      Public-Key-Pins-Report-Only: pin-sha256="r5EfzZxQVvQpKo3AgYRaT7X2bDO/kj3ACwmxfdT2zt8=";
        pin-sha256="MaqlcUgk2mvY/RFSGeSwBRkI+rZ6/dxe/DuQfBT/vnQ="; pin-sha256="72G5IEvDEWn+EThf3qjR7/bQSWaS2ZSLqolhnO6iyJI=";
        pin-sha256="rrV6CLCCvqnk89gWibYT0JO6fNQ8cCit7GGoiVTjCOg="; max-age=60; report-uri="https://okta.report-uri.com/r/default/hpkp/reportOnly"
      Server: nginx
      Strict-Transport-Security: max-age=315360000; includeSubDomains
      cache-control: no-cache, no-store
      content-security-policy-report-only: 'default-src ''self'' *.oktacdn.com test.okta.com;
        connect-src ''self'' *.oktacdn.com *.mixpanel.com *.mapbox.com app.pendo.io
        data.pendo.io pendo-static-5634101834153984.storage.googleapis.com test.okta.com
        test-admin.okta.com https://oinmanager.okta.com data:; script-src ''unsafe-inline''
        ''unsafe-eval'' ''self'' *.oktacdn.com; style-src ''unsafe-inline'' ''self''
        *.oktacdn.com app.pendo.io cdn.pendo.io pendo-static-5634101834153984.storage.googleapis.com;
        frame-src ''self'' login.okta.com test.okta.com test-admin.okta.com; img-src
        ''self'' *.oktacdn.com test.okta.com *.tiles.mapbox.com *.mapbox.com app.pendo.io
        data.pendo.io cdn.pendo.io pendo-static-5634101834153984.storage.googleapis.com
        data: blob:; font-src data: ''self'' *.oktacdn.com fonts.gstatic.com; report-uri
        https://okta.report-uri.com/r/d/csp/reportOnly; report-to csp-report'
      expires: '0'
      p3p: CP="HONK"
      pragma: no-cache
      report-to: '{"group":"csp-report","max_age":31536000,"endpoints":[{"url":"https://okta.report-uri.com/r/d/csp/reportOnly"}],"include_subdomains":true}'
      set-cookie: JSESSIONID=385DC29CC52AF21C05B9626571CEC4A2; Path=/; Secure; HttpOnly
      x-frame-options: SAMEORIGIN
      x-okta-request-id: X0f4eYDmRBVhmqBVUY98cgAACAw
      x-rate-limit-limit: '1000'
      x-rate-limit-remaining: '955'
      x-rate-limit-reset: '1598552203'
      x-xss-protection: 1; mode=block; report=https://okta.report-uri.com/r/d/xss/enforce
    status:
      code: 204
      message: No Content
    url: https://test.okta.com/api/v1/idps/credentials/keys/8287c73d-fc1e-4d64-bf65-40ddd22a5aaa
version: 1
