interactions:
- request:
    body: null
    headers:
      Accept:
      - application/json
      Authorization:
      - SSWS myAPIToken
      User-Agent:
      - OpenAPI-Generator/1.0.0/python
    method: GET
    uri: https://test.okta.com/api/v1/meta/uischemas
  response:
    body:
      string: '[{"id":"uisnwmp14wbKosCTD5d7","uiSchema":{"type":"Group","elements":[{"type":"Control","scope":"#/properties/firstName","label":"First
        name","options":{"format":"text"}},{"type":"Control","scope":"#/properties/lastName","label":"Last
        name","options":{"format":"text"}},{"type":"Control","scope":"#/properties/email","label":"Email","options":{"format":"text"}}]},"created":"2025-03-19T09:20:47.000Z","lastUpdated":"2025-03-19T09:20:48.000Z","_links":{"self":{"href":"https://test.okta.com/api/v1/meta/uischemas/uisnwmp14wbKosCTD5d7","hints":{"allow":["GET","PUT","DELETE"]}}}}]'
    headers:
      Cache-Control:
      - no-cache, no-store
      Connection:
      - keep-alive
      Content-Encoding:
      - gzip
      Content-Type:
      - application/json
      Date:
      - Mon, 01 Sep 2025 21:14:58 GMT
      Expires:
      - '0'
      Pragma:
      - no-cache
      Server:
      - nginx
      Set-Cookie:
      - sid="";Version=1;Path=/;Max-Age=0
      - xids="";Version=1;Path=/;Max-Age=0
      - autolaunch_triggered=""; Expires=Thu, 01 Jan 1970 00:00:10 GMT; Path=/
      - activate_ca_modal_triggered=""; Expires=Thu, 01 Jan 1970 00:00:10 GMT; Path=/
      - JSESSIONID=1102F93755D5DC72CD934A7AD47779D4; Path=/; Secure; HttpOnly
      Strict-Transport-Security:
      - max-age=315360000; includeSubDomains
      Transfer-Encoding:
      - chunked
      Vary:
      - Accept-Encoding
      accept-ch:
      - Sec-CH-UA-Platform-Version
      content-security-policy:
      - 'default-src ''self'' dev-20982288.okta.com *.oktacdn.com; connect-src ''self''
        dev-20982288.okta.com dev-20982288-admin.okta.com *.oktacdn.com *.mixpanel.com
        *.mapbox.com dev-20982288.kerberos.okta.com *.authenticatorlocalprod.com:8769
        http://localhost:8769 http://127.0.0.1:8769 *.authenticatorlocalprod.com:65111
        http://localhost:65111 http://127.0.0.1:65111 *.authenticatorlocalprod.com:65121
        http://localhost:65121 http://127.0.0.1:65121 *.authenticatorlocalprod.com:65131
        http://localhost:65131 http://127.0.0.1:65131 *.authenticatorlocalprod.com:65141
        http://localhost:65141 http://127.0.0.1:65141 *.authenticatorlocalprod.com:65151
        http://localhost:65151 http://127.0.0.1:65151 https://oinmanager.okta.com
        data: *.ingest.sentry.io; script-src ''unsafe-inline'' ''self'' ''report-sample''
        dev-20982288.okta.com *.oktacdn.com; style-src ''unsafe-inline'' ''self''
        ''report-sample'' dev-20982288.okta.com *.oktacdn.com; frame-src ''self''
        dev-20982288.okta.com dev-20982288-admin.okta.com login.okta.com *.vidyard.com
        com-okta-authenticator:; img-src ''self'' dev-20982288.okta.com *.oktacdn.com
        *.tiles.mapbox.com *.mapbox.com *.vidyard.com data: blob:; font-src ''self''
        dev-20982288.okta.com data: *.oktacdn.com fonts.gstatic.com; frame-ancestors
        ''self'''
      p3p:
      - CP="HONK"
      referrer-policy:
      - strict-origin-when-cross-origin
      x-content-type-options:
      - nosniff
      x-okta-request-id:
      - 0ff1c996d6496b713ff038795612a435
      x-rate-limit-limit:
      - '50'
      x-rate-limit-remaining:
      - '48'
      x-rate-limit-reset:
      - '1756761344'
      x-xss-protection:
      - '0'
    status:
      code: 200
      message: OK
- request:
    body: null
    headers:
      Accept:
      - application/json
      Authorization:
      - SSWS myAPIToken
      User-Agent:
      - OpenAPI-Generator/1.0.0/python
    method: GET
    uri: https://test.okta.com/api/v1/meta/uischemas
  response:
    body:
      string: '[{"id":"uisnwmp14wbKosCTD5d7","uiSchema":{"type":"Group","elements":[{"type":"Control","scope":"#/properties/firstName","label":"First
        name","options":{"format":"text"}},{"type":"Control","scope":"#/properties/lastName","label":"Last
        name","options":{"format":"text"}},{"type":"Control","scope":"#/properties/email","label":"Email","options":{"format":"text"}}]},"created":"2025-03-19T09:20:47.000Z","lastUpdated":"2025-03-19T09:20:48.000Z","_links":{"self":{"href":"https://test.okta.com/api/v1/meta/uischemas/uisnwmp14wbKosCTD5d7","hints":{"allow":["GET","PUT","DELETE"]}}}}]'
    headers:
      Cache-Control:
      - no-cache, no-store
      Connection:
      - keep-alive
      Content-Encoding:
      - gzip
      Content-Type:
      - application/json
      Date:
      - Tue, 02 Sep 2025 06:45:26 GMT
      Expires:
      - '0'
      Pragma:
      - no-cache
      Server:
      - nginx
      Set-Cookie:
      - sid="";Version=1;Path=/;Max-Age=0
      - xids="";Version=1;Path=/;Max-Age=0
      - autolaunch_triggered=""; Expires=Thu, 01 Jan 1970 00:00:10 GMT; Path=/
      - activate_ca_modal_triggered=""; Expires=Thu, 01 Jan 1970 00:00:10 GMT; Path=/
      - JSESSIONID=D531DBF3E1BC2D66584146CCB00597E6; Path=/; Secure; HttpOnly
      Strict-Transport-Security:
      - max-age=315360000; includeSubDomains
      Transfer-Encoding:
      - chunked
      Vary:
      - Accept-Encoding
      accept-ch:
      - Sec-CH-UA-Platform-Version
      content-security-policy:
      - 'default-src ''self'' dev-20982288.okta.com *.oktacdn.com; connect-src ''self''
        dev-20982288.okta.com dev-20982288-admin.okta.com *.oktacdn.com *.mixpanel.com
        *.mapbox.com dev-20982288.kerberos.okta.com *.authenticatorlocalprod.com:8769
        http://localhost:8769 http://127.0.0.1:8769 *.authenticatorlocalprod.com:65111
        http://localhost:65111 http://127.0.0.1:65111 *.authenticatorlocalprod.com:65121
        http://localhost:65121 http://127.0.0.1:65121 *.authenticatorlocalprod.com:65131
        http://localhost:65131 http://127.0.0.1:65131 *.authenticatorlocalprod.com:65141
        http://localhost:65141 http://127.0.0.1:65141 *.authenticatorlocalprod.com:65151
        http://localhost:65151 http://127.0.0.1:65151 https://oinmanager.okta.com
        data: *.ingest.sentry.io; script-src ''unsafe-inline'' ''self'' ''report-sample''
        dev-20982288.okta.com *.oktacdn.com; style-src ''unsafe-inline'' ''self''
        ''report-sample'' dev-20982288.okta.com *.oktacdn.com; frame-src ''self''
        dev-20982288.okta.com dev-20982288-admin.okta.com login.okta.com *.vidyard.com
        com-okta-authenticator:; img-src ''self'' dev-20982288.okta.com *.oktacdn.com
        *.tiles.mapbox.com *.mapbox.com *.vidyard.com data: blob:; font-src ''self''
        dev-20982288.okta.com data: *.oktacdn.com fonts.gstatic.com; frame-ancestors
        ''self'''
      p3p:
      - CP="HONK"
      referrer-policy:
      - strict-origin-when-cross-origin
      x-content-type-options:
      - nosniff
      x-okta-request-id:
      - 3eccd5828be5b5d6db42878a84b8060e
      x-rate-limit-limit:
      - '50'
      x-rate-limit-remaining:
      - '49'
      x-rate-limit-reset:
      - '1756795586'
      x-xss-protection:
      - '0'
    status:
      code: 200
      message: OK
- request:
    body: null
    headers:
      Accept:
      - application/json
      Authorization:
      - SSWS myAPIToken
      User-Agent:
      - OpenAPI-Generator/1.0.0/python
    method: GET
    uri: https://test.okta.com/api/v1/meta/uischemas
  response:
    body:
      string: '[{"id":"uisnwmp14wbKosCTD5d7","uiSchema":{"type":"Group","elements":[{"type":"Control","scope":"#/properties/firstName","label":"First
        name","options":{"format":"text"}},{"type":"Control","scope":"#/properties/lastName","label":"Last
        name","options":{"format":"text"}},{"type":"Control","scope":"#/properties/email","label":"Email","options":{"format":"text"}}]},"created":"2025-03-19T09:20:47.000Z","lastUpdated":"2025-03-19T09:20:48.000Z","_links":{"self":{"href":"https://test.okta.com/api/v1/meta/uischemas/uisnwmp14wbKosCTD5d7","hints":{"allow":["GET","PUT","DELETE"]}}}}]'
    headers:
      Cache-Control:
      - no-cache, no-store
      Connection:
      - keep-alive
      Content-Encoding:
      - gzip
      Content-Type:
      - application/json
      Date:
      - Tue, 02 Sep 2025 06:48:12 GMT
      Expires:
      - '0'
      Pragma:
      - no-cache
      Server:
      - nginx
      Set-Cookie:
      - sid="";Version=1;Path=/;Max-Age=0
      - xids="";Version=1;Path=/;Max-Age=0
      - autolaunch_triggered=""; Expires=Thu, 01 Jan 1970 00:00:10 GMT; Path=/
      - activate_ca_modal_triggered=""; Expires=Thu, 01 Jan 1970 00:00:10 GMT; Path=/
      - JSESSIONID=67D244A53BCDBF13D08B51132D8CD90F; Path=/; Secure; HttpOnly
      Strict-Transport-Security:
      - max-age=315360000; includeSubDomains
      Transfer-Encoding:
      - chunked
      Vary:
      - Accept-Encoding
      accept-ch:
      - Sec-CH-UA-Platform-Version
      content-security-policy:
      - 'default-src ''self'' dev-20982288.okta.com *.oktacdn.com; connect-src ''self''
        dev-20982288.okta.com dev-20982288-admin.okta.com *.oktacdn.com *.mixpanel.com
        *.mapbox.com dev-20982288.kerberos.okta.com *.authenticatorlocalprod.com:8769
        http://localhost:8769 http://127.0.0.1:8769 *.authenticatorlocalprod.com:65111
        http://localhost:65111 http://127.0.0.1:65111 *.authenticatorlocalprod.com:65121
        http://localhost:65121 http://127.0.0.1:65121 *.authenticatorlocalprod.com:65131
        http://localhost:65131 http://127.0.0.1:65131 *.authenticatorlocalprod.com:65141
        http://localhost:65141 http://127.0.0.1:65141 *.authenticatorlocalprod.com:65151
        http://localhost:65151 http://127.0.0.1:65151 https://oinmanager.okta.com
        data: *.ingest.sentry.io; script-src ''unsafe-inline'' ''self'' ''report-sample''
        dev-20982288.okta.com *.oktacdn.com; style-src ''unsafe-inline'' ''self''
        ''report-sample'' dev-20982288.okta.com *.oktacdn.com; frame-src ''self''
        dev-20982288.okta.com dev-20982288-admin.okta.com login.okta.com *.vidyard.com
        com-okta-authenticator:; img-src ''self'' dev-20982288.okta.com *.oktacdn.com
        *.tiles.mapbox.com *.mapbox.com *.vidyard.com data: blob:; font-src ''self''
        dev-20982288.okta.com data: *.oktacdn.com fonts.gstatic.com; frame-ancestors
        ''self'''
      p3p:
      - CP="HONK"
      referrer-policy:
      - strict-origin-when-cross-origin
      x-content-type-options:
      - nosniff
      x-okta-request-id:
      - 4106d5a662f0470cfc2fe371613a63cb
      x-rate-limit-limit:
      - '50'
      x-rate-limit-remaining:
      - '49'
      x-rate-limit-reset:
      - '1756795752'
      x-xss-protection:
      - '0'
    status:
      code: 200
      message: OK
- request:
    body: null
    headers:
      Accept:
      - application/json
      Authorization:
      - SSWS myAPIToken
      User-Agent:
      - OpenAPI-Generator/1.0.0/python
    method: GET
    uri: https://test.okta.com/api/v1/meta/uischemas
  response:
    body:
      string: '[{"id":"uisnwmp14wbKosCTD5d7","uiSchema":{"type":"Group","elements":[{"type":"Control","scope":"#/properties/firstName","label":"First
        name","options":{"format":"text"}},{"type":"Control","scope":"#/properties/lastName","label":"Last
        name","options":{"format":"text"}},{"type":"Control","scope":"#/properties/email","label":"Email","options":{"format":"text"}}]},"created":"2025-03-19T09:20:47.000Z","lastUpdated":"2025-03-19T09:20:48.000Z","_links":{"self":{"href":"https://test.okta.com/api/v1/meta/uischemas/uisnwmp14wbKosCTD5d7","hints":{"allow":["GET","PUT","DELETE"]}}}}]'
    headers:
      Cache-Control:
      - no-cache, no-store
      Connection:
      - keep-alive
      Content-Encoding:
      - gzip
      Content-Type:
      - application/json
      Date:
      - Tue, 02 Sep 2025 08:25:53 GMT
      Expires:
      - '0'
      Pragma:
      - no-cache
      Server:
      - nginx
      Set-Cookie:
      - sid="";Version=1;Path=/;Max-Age=0
      - xids="";Version=1;Path=/;Max-Age=0
      - autolaunch_triggered=""; Expires=Thu, 01 Jan 1970 00:00:10 GMT; Path=/
      - activate_ca_modal_triggered=""; Expires=Thu, 01 Jan 1970 00:00:10 GMT; Path=/
      - JSESSIONID=76C2A5ED0BF673158D6A0363ED94D247; Path=/; Secure; HttpOnly
      Strict-Transport-Security:
      - max-age=315360000; includeSubDomains
      Transfer-Encoding:
      - chunked
      Vary:
      - Accept-Encoding
      accept-ch:
      - Sec-CH-UA-Platform-Version
      content-security-policy:
      - 'default-src ''self'' dev-20982288.okta.com *.oktacdn.com; connect-src ''self''
        dev-20982288.okta.com dev-20982288-admin.okta.com *.oktacdn.com *.mixpanel.com
        *.mapbox.com dev-20982288.kerberos.okta.com *.authenticatorlocalprod.com:8769
        http://localhost:8769 http://127.0.0.1:8769 *.authenticatorlocalprod.com:65111
        http://localhost:65111 http://127.0.0.1:65111 *.authenticatorlocalprod.com:65121
        http://localhost:65121 http://127.0.0.1:65121 *.authenticatorlocalprod.com:65131
        http://localhost:65131 http://127.0.0.1:65131 *.authenticatorlocalprod.com:65141
        http://localhost:65141 http://127.0.0.1:65141 *.authenticatorlocalprod.com:65151
        http://localhost:65151 http://127.0.0.1:65151 https://oinmanager.okta.com
        data: *.ingest.sentry.io; script-src ''unsafe-inline'' ''self'' ''report-sample''
        dev-20982288.okta.com *.oktacdn.com; style-src ''unsafe-inline'' ''self''
        ''report-sample'' dev-20982288.okta.com *.oktacdn.com; frame-src ''self''
        dev-20982288.okta.com dev-20982288-admin.okta.com login.okta.com *.vidyard.com
        com-okta-authenticator:; img-src ''self'' dev-20982288.okta.com *.oktacdn.com
        *.tiles.mapbox.com *.mapbox.com *.vidyard.com data: blob:; font-src ''self''
        dev-20982288.okta.com data: *.oktacdn.com fonts.gstatic.com; frame-ancestors
        ''self'''
      p3p:
      - CP="HONK"
      referrer-policy:
      - strict-origin-when-cross-origin
      x-content-type-options:
      - nosniff
      x-okta-request-id:
      - e9a388fe055690bc0db319f6f56d8582
      x-rate-limit-limit:
      - '50'
      x-rate-limit-remaining:
      - '49'
      x-rate-limit-reset:
      - '1756801613'
      x-xss-protection:
      - '0'
    status:
      code: 200
      message: OK
- request:
    body: null
    headers:
      Accept:
      - application/json
      Authorization:
      - SSWS myAPIToken
      User-Agent:
      - OpenAPI-Generator/1.0.0/python
    method: GET
    uri: https://test.okta.com/api/v1/meta/uischemas
  response:
    body:
      string: '[{"id":"uisnwmp14wbKosCTD5d7","uiSchema":{"type":"Group","elements":[{"type":"Control","scope":"#/properties/firstName","label":"First
        name","options":{"format":"text"}},{"type":"Control","scope":"#/properties/lastName","label":"Last
        name","options":{"format":"text"}},{"type":"Control","scope":"#/properties/email","label":"Email","options":{"format":"text"}}]},"created":"2025-03-19T09:20:47.000Z","lastUpdated":"2025-03-19T09:20:48.000Z","_links":{"self":{"href":"https://test.okta.com/api/v1/meta/uischemas/uisnwmp14wbKosCTD5d7","hints":{"allow":["GET","PUT","DELETE"]}}}}]'
    headers:
      Cache-Control:
      - no-cache, no-store
      Connection:
      - keep-alive
      Content-Encoding:
      - gzip
      Content-Type:
      - application/json
      Date:
      - Tue, 02 Sep 2025 08:26:35 GMT
      Expires:
      - '0'
      Pragma:
      - no-cache
      Server:
      - nginx
      Set-Cookie:
      - sid="";Version=1;Path=/;Max-Age=0
      - xids="";Version=1;Path=/;Max-Age=0
      - autolaunch_triggered=""; Expires=Thu, 01 Jan 1970 00:00:10 GMT; Path=/
      - activate_ca_modal_triggered=""; Expires=Thu, 01 Jan 1970 00:00:10 GMT; Path=/
      - JSESSIONID=3A63AB5150F23436DEAB8D818407C953; Path=/; Secure; HttpOnly
      Strict-Transport-Security:
      - max-age=315360000; includeSubDomains
      Transfer-Encoding:
      - chunked
      Vary:
      - Accept-Encoding
      accept-ch:
      - Sec-CH-UA-Platform-Version
      content-security-policy:
      - 'default-src ''self'' dev-20982288.okta.com *.oktacdn.com; connect-src ''self''
        dev-20982288.okta.com dev-20982288-admin.okta.com *.oktacdn.com *.mixpanel.com
        *.mapbox.com dev-20982288.kerberos.okta.com *.authenticatorlocalprod.com:8769
        http://localhost:8769 http://127.0.0.1:8769 *.authenticatorlocalprod.com:65111
        http://localhost:65111 http://127.0.0.1:65111 *.authenticatorlocalprod.com:65121
        http://localhost:65121 http://127.0.0.1:65121 *.authenticatorlocalprod.com:65131
        http://localhost:65131 http://127.0.0.1:65131 *.authenticatorlocalprod.com:65141
        http://localhost:65141 http://127.0.0.1:65141 *.authenticatorlocalprod.com:65151
        http://localhost:65151 http://127.0.0.1:65151 https://oinmanager.okta.com
        data: *.ingest.sentry.io; script-src ''unsafe-inline'' ''self'' ''report-sample''
        dev-20982288.okta.com *.oktacdn.com; style-src ''unsafe-inline'' ''self''
        ''report-sample'' dev-20982288.okta.com *.oktacdn.com; frame-src ''self''
        dev-20982288.okta.com dev-20982288-admin.okta.com login.okta.com *.vidyard.com
        com-okta-authenticator:; img-src ''self'' dev-20982288.okta.com *.oktacdn.com
        *.tiles.mapbox.com *.mapbox.com *.vidyard.com data: blob:; font-src ''self''
        dev-20982288.okta.com data: *.oktacdn.com fonts.gstatic.com; frame-ancestors
        ''self'''
      p3p:
      - CP="HONK"
      referrer-policy:
      - strict-origin-when-cross-origin
      x-content-type-options:
      - nosniff
      x-okta-request-id:
      - a5acd568e9ac907dbc5fc99a84b8bb09
      x-rate-limit-limit:
      - '50'
      x-rate-limit-remaining:
      - '48'
      x-rate-limit-reset:
      - '1756801613'
      x-xss-protection:
      - '0'
    status:
      code: 200
      message: OK
- request:
    body: null
    headers:
      Accept:
      - application/json
      Authorization:
      - SSWS myAPIToken
      User-Agent:
      - OpenAPI-Generator/1.0.0/python
    method: GET
    uri: https://test.okta.com/api/v1/meta/uischemas
  response:
    body:
      string: '[{"id":"uisnwmp14wbKosCTD5d7","uiSchema":{"type":"Group","elements":[{"type":"Control","scope":"#/properties/firstName","label":"First
        name","options":{"format":"text"}},{"type":"Control","scope":"#/properties/lastName","label":"Last
        name","options":{"format":"text"}},{"type":"Control","scope":"#/properties/email","label":"Email","options":{"format":"text"}}]},"created":"2025-03-19T09:20:47.000Z","lastUpdated":"2025-03-19T09:20:48.000Z","_links":{"self":{"href":"https://test.okta.com/api/v1/meta/uischemas/uisnwmp14wbKosCTD5d7","hints":{"allow":["GET","PUT","DELETE"]}}}}]'
    headers:
      Cache-Control:
      - no-cache, no-store
      Connection:
      - keep-alive
      Content-Encoding:
      - gzip
      Content-Type:
      - application/json
      Date:
      - Tue, 02 Sep 2025 19:29:30 GMT
      Expires:
      - '0'
      Pragma:
      - no-cache
      Server:
      - nginx
      Set-Cookie:
      - sid="";Version=1;Path=/;Max-Age=0
      - xids="";Version=1;Path=/;Max-Age=0
      - autolaunch_triggered=""; Expires=Thu, 01 Jan 1970 00:00:10 GMT; Path=/
      - activate_ca_modal_triggered=""; Expires=Thu, 01 Jan 1970 00:00:10 GMT; Path=/
      - JSESSIONID=4C3A7A332086920DFE2E6F4337F998C1; Path=/; Secure; HttpOnly
      Strict-Transport-Security:
      - max-age=315360000; includeSubDomains
      Transfer-Encoding:
      - chunked
      Vary:
      - Accept-Encoding
      accept-ch:
      - Sec-CH-UA-Platform-Version
      content-security-policy:
      - 'default-src ''self'' dev-20982288.okta.com *.oktacdn.com; connect-src ''self''
        dev-20982288.okta.com dev-20982288-admin.okta.com *.oktacdn.com *.mixpanel.com
        *.mapbox.com dev-20982288.kerberos.okta.com *.authenticatorlocalprod.com:8769
        http://localhost:8769 http://127.0.0.1:8769 *.authenticatorlocalprod.com:65111
        http://localhost:65111 http://127.0.0.1:65111 *.authenticatorlocalprod.com:65121
        http://localhost:65121 http://127.0.0.1:65121 *.authenticatorlocalprod.com:65131
        http://localhost:65131 http://127.0.0.1:65131 *.authenticatorlocalprod.com:65141
        http://localhost:65141 http://127.0.0.1:65141 *.authenticatorlocalprod.com:65151
        http://localhost:65151 http://127.0.0.1:65151 https://oinmanager.okta.com
        data: *.ingest.sentry.io; script-src ''unsafe-inline'' ''self'' ''report-sample''
        dev-20982288.okta.com *.oktacdn.com; style-src ''unsafe-inline'' ''self''
        ''report-sample'' dev-20982288.okta.com *.oktacdn.com; frame-src ''self''
        dev-20982288.okta.com dev-20982288-admin.okta.com login.okta.com *.vidyard.com
        com-okta-authenticator:; img-src ''self'' dev-20982288.okta.com *.oktacdn.com
        *.tiles.mapbox.com *.mapbox.com *.vidyard.com data: blob:; font-src ''self''
        dev-20982288.okta.com data: *.oktacdn.com fonts.gstatic.com; frame-ancestors
        ''self'''
      p3p:
      - CP="HONK"
      referrer-policy:
      - strict-origin-when-cross-origin
      x-content-type-options:
      - nosniff
      x-okta-request-id:
      - 7b825721c28ba248060ddaea41de0465
      x-rate-limit-limit:
      - '50'
      x-rate-limit-remaining:
      - '49'
      x-rate-limit-reset:
      - '1756841430'
      x-xss-protection:
      - '0'
    status:
      code: 200
      message: OK
- request:
    body: null
    headers:
      Accept:
      - application/json
      Authorization:
      - SSWS myAPIToken
      User-Agent:
      - OpenAPI-Generator/1.0.0/python
    method: GET
    uri: https://test.okta.com/api/v1/meta/uischemas
  response:
    body:
      string: '[{"id":"uisnwmp14wbKosCTD5d7","uiSchema":{"type":"Group","elements":[{"type":"Control","scope":"#/properties/firstName","label":"First
        name","options":{"format":"text"}},{"type":"Control","scope":"#/properties/lastName","label":"Last
        name","options":{"format":"text"}},{"type":"Control","scope":"#/properties/email","label":"Email","options":{"format":"text"}}]},"created":"2025-03-19T09:20:47.000Z","lastUpdated":"2025-03-19T09:20:48.000Z","_links":{"self":{"href":"https://test.okta.com/api/v1/meta/uischemas/uisnwmp14wbKosCTD5d7","hints":{"allow":["GET","PUT","DELETE"]}}}}]'
    headers:
      Cache-Control:
      - no-cache, no-store
      Connection:
      - keep-alive
      Content-Encoding:
      - gzip
      Content-Type:
      - application/json
      Date:
      - Wed, 03 Sep 2025 19:02:31 GMT
      Expires:
      - '0'
      Pragma:
      - no-cache
      Server:
      - nginx
      Set-Cookie:
      - sid="";Version=1;Path=/;Max-Age=0
      - xids="";Version=1;Path=/;Max-Age=0
      - autolaunch_triggered=""; Expires=Thu, 01 Jan 1970 00:00:10 GMT; Path=/
      - activate_ca_modal_triggered=""; Expires=Thu, 01 Jan 1970 00:00:10 GMT; Path=/
      - JSESSIONID=8E34117D288971501BE7E2CAD02BB588; Path=/; Secure; HttpOnly
      Strict-Transport-Security:
      - max-age=315360000; includeSubDomains
      Transfer-Encoding:
      - chunked
      Vary:
      - Accept-Encoding
      accept-ch:
      - Sec-CH-UA-Platform-Version
      content-security-policy:
      - 'default-src ''self'' dev-20982288.okta.com *.oktacdn.com; connect-src ''self''
        dev-20982288.okta.com dev-20982288-admin.okta.com *.oktacdn.com *.mixpanel.com
        *.mapbox.com dev-20982288.kerberos.okta.com *.authenticatorlocalprod.com:8769
        http://localhost:8769 http://127.0.0.1:8769 *.authenticatorlocalprod.com:65111
        http://localhost:65111 http://127.0.0.1:65111 *.authenticatorlocalprod.com:65121
        http://localhost:65121 http://127.0.0.1:65121 *.authenticatorlocalprod.com:65131
        http://localhost:65131 http://127.0.0.1:65131 *.authenticatorlocalprod.com:65141
        http://localhost:65141 http://127.0.0.1:65141 *.authenticatorlocalprod.com:65151
        http://localhost:65151 http://127.0.0.1:65151 https://oinmanager.okta.com
        data: *.ingest.sentry.io; script-src ''unsafe-inline'' ''self'' ''report-sample''
        dev-20982288.okta.com *.oktacdn.com; style-src ''unsafe-inline'' ''self''
        ''report-sample'' dev-20982288.okta.com *.oktacdn.com; frame-src ''self''
        dev-20982288.okta.com dev-20982288-admin.okta.com login.okta.com *.vidyard.com
        com-okta-authenticator:; img-src ''self'' dev-20982288.okta.com *.oktacdn.com
        *.tiles.mapbox.com *.mapbox.com *.vidyard.com data: blob:; font-src ''self''
        dev-20982288.okta.com data: *.oktacdn.com fonts.gstatic.com; frame-ancestors
        ''self'''
      p3p:
      - CP="HONK"
      referrer-policy:
      - strict-origin-when-cross-origin
      x-content-type-options:
      - nosniff
      x-okta-request-id:
      - bfc4b6e29bebd00b08989652f7ecb883
      x-rate-limit-limit:
      - '50'
      x-rate-limit-remaining:
      - '47'
      x-rate-limit-reset:
      - '1756926185'
      x-xss-protection:
      - '0'
    status:
      code: 200
      message: OK
- request:
    body: null
    headers:
      Accept:
      - application/json
      Authorization:
      - SSWS myAPIToken
      User-Agent:
      - OpenAPI-Generator/1.0.0/python
    method: GET
    uri: https://test.okta.com/api/v1/meta/uischemas
  response:
    body:
      string: '[{"id":"uisnwmp14wbKosCTD5d7","uiSchema":{"type":"Group","elements":[{"type":"Control","scope":"#/properties/firstName","label":"First
        name","options":{"format":"text"}},{"type":"Control","scope":"#/properties/lastName","label":"Last
        name","options":{"format":"text"}},{"type":"Control","scope":"#/properties/email","label":"Email","options":{"format":"text"}}]},"created":"2025-03-19T09:20:47.000Z","lastUpdated":"2025-03-19T09:20:48.000Z","_links":{"self":{"href":"https://test.okta.com/api/v1/meta/uischemas/uisnwmp14wbKosCTD5d7","hints":{"allow":["GET","PUT","DELETE"]}}}}]'
    headers:
      Cache-Control:
      - no-cache, no-store
      Connection:
      - keep-alive
      Content-Encoding:
      - gzip
      Content-Type:
      - application/json
      Date:
      - Wed, 03 Sep 2025 19:23:11 GMT
      Expires:
      - '0'
      Pragma:
      - no-cache
      Server:
      - nginx
      Set-Cookie:
      - sid="";Version=1;Path=/;Max-Age=0
      - xids="";Version=1;Path=/;Max-Age=0
      - autolaunch_triggered=""; Expires=Thu, 01 Jan 1970 00:00:10 GMT; Path=/
      - activate_ca_modal_triggered=""; Expires=Thu, 01 Jan 1970 00:00:10 GMT; Path=/
      - JSESSIONID=5C15C3B8B699A9BA4F67B521A8BBA6AF; Path=/; Secure; HttpOnly
      Strict-Transport-Security:
      - max-age=315360000; includeSubDomains
      Transfer-Encoding:
      - chunked
      Vary:
      - Accept-Encoding
      accept-ch:
      - Sec-CH-UA-Platform-Version
      content-security-policy:
      - 'default-src ''self'' dev-20982288.okta.com *.oktacdn.com; connect-src ''self''
        dev-20982288.okta.com dev-20982288-admin.okta.com *.oktacdn.com *.mixpanel.com
        *.mapbox.com dev-20982288.kerberos.okta.com *.authenticatorlocalprod.com:8769
        http://localhost:8769 http://127.0.0.1:8769 *.authenticatorlocalprod.com:65111
        http://localhost:65111 http://127.0.0.1:65111 *.authenticatorlocalprod.com:65121
        http://localhost:65121 http://127.0.0.1:65121 *.authenticatorlocalprod.com:65131
        http://localhost:65131 http://127.0.0.1:65131 *.authenticatorlocalprod.com:65141
        http://localhost:65141 http://127.0.0.1:65141 *.authenticatorlocalprod.com:65151
        http://localhost:65151 http://127.0.0.1:65151 https://oinmanager.okta.com
        data: *.ingest.sentry.io; script-src ''unsafe-inline'' ''self'' ''report-sample''
        dev-20982288.okta.com *.oktacdn.com; style-src ''unsafe-inline'' ''self''
        ''report-sample'' dev-20982288.okta.com *.oktacdn.com; frame-src ''self''
        dev-20982288.okta.com dev-20982288-admin.okta.com login.okta.com *.vidyard.com
        com-okta-authenticator:; img-src ''self'' dev-20982288.okta.com *.oktacdn.com
        *.tiles.mapbox.com *.mapbox.com *.vidyard.com data: blob:; font-src ''self''
        dev-20982288.okta.com data: *.oktacdn.com fonts.gstatic.com; frame-ancestors
        ''self'''
      p3p:
      - CP="HONK"
      referrer-policy:
      - strict-origin-when-cross-origin
      x-content-type-options:
      - nosniff
      x-okta-request-id:
      - 14f73afa045eb60d04ff102d072fabf9
      x-rate-limit-limit:
      - '50'
      x-rate-limit-remaining:
      - '42'
      x-rate-limit-reset:
      - '1756927443'
      x-xss-protection:
      - '0'
    status:
      code: 200
      message: OK
version: 1
