interactions:
- request:
    body: null
    headers:
      Accept:
      - application/json
      Authorization:
      - SSWS myAPIToken
      Content-Type:
      - application/json
      User-Agent:
      - okta-sdk-python/1.0.0-alpha.1 python/3.8.3 Darwin/18.7.0
    method: POST
    uri: https://test.okta.com/api/v1/meta/types/user
  response:
    body:
      string: '{"id":"otysfet4nTM9GJuvN4x6","displayName":"python_sdk display name","name":"python_sdk_cRuLD","description":"python_sdk
        description","createdBy":"00uc04qdrQsSHjsDO4x6","lastUpdatedBy":"00uc04qdrQsSHjsDO4x6","created":"2020-08-27T18:17:28.000Z","lastUpdated":"2020-08-27T18:17:28.000Z","default":false,"_links":{"schema":{"rel":"schema","href":"https://test.okta.com/api/v1/meta/schemas/user/oscsfet4nTM9GJuvN4x6","method":"GET"},"self":{"rel":"self","href":"https://test.okta.com/api/v1/meta/types/user/otysfet4nTM9GJuvN4x6","method":"GET"}}}'
    headers:
      Connection: keep-alive
      Content-Encoding: gzip
      Content-Type: application/json;charset=UTF-8
      Date: Thu, 27 Aug 2020 18:17:28 GMT
      Public-Key-Pins-Report-Only: pin-sha256="r5EfzZxQVvQpKo3AgYRaT7X2bDO/kj3ACwmxfdT2zt8=";
        pin-sha256="MaqlcUgk2mvY/RFSGeSwBRkI+rZ6/dxe/DuQfBT/vnQ="; pin-sha256="72G5IEvDEWn+EThf3qjR7/bQSWaS2ZSLqolhnO6iyJI=";
        pin-sha256="rrV6CLCCvqnk89gWibYT0JO6fNQ8cCit7GGoiVTjCOg="; max-age=60; report-uri="https://okta.report-uri.com/r/default/hpkp/reportOnly"
      Server: nginx
      Strict-Transport-Security: max-age=315360000; includeSubDomains
      Transfer-Encoding: chunked
      Vary: Accept-Encoding
      cache-control: no-cache, no-store
      content-security-policy-report-only: 'default-src ''self'' *.oktacdn.com test.okta.com;
        connect-src ''self'' *.oktacdn.com *.mixpanel.com *.mapbox.com app.pendo.io
        data.pendo.io pendo-static-5634101834153984.storage.googleapis.com test.okta.com
        test-admin.okta.com https://oinmanager.okta.com data:; script-src ''unsafe-inline''
        ''unsafe-eval'' ''self'' *.oktacdn.com; style-src ''unsafe-inline'' ''self''
        *.oktacdn.com app.pendo.io cdn.pendo.io pendo-static-5634101834153984.storage.googleapis.com;
        frame-src ''self'' login.okta.com test.okta.com test-admin.okta.com; img-src
        ''self'' *.oktacdn.com test.okta.com *.tiles.mapbox.com *.mapbox.com app.pendo.io
        data.pendo.io cdn.pendo.io pendo-static-5634101834153984.storage.googleapis.com
        data: blob:; font-src data: ''self'' *.oktacdn.com fonts.gstatic.com; report-uri
        https://example.com/csp/reportOnly; report-to csp-report'
      expires: '0'
      p3p: CP="HONK"
      pragma: no-cache
      report-to: '{"group":"csp-report","max_age":31536000,"endpoints":[{"url":"https://example.com/csp/reportOnly"}],"include_subdomains":true}'
      set-cookie: JSESSIONID=933F58D92FBDCE37176A495375238822; Path=/; Secure; HttpOnly
      x-content-type-options: nosniff
      x-okta-request-id: X0f4uPUtot0sUEdcLQhBUwAABYc
      x-rate-limit-limit: '1000'
      x-rate-limit-remaining: '845'
      x-rate-limit-reset: '1598552263'
      x-xss-protection: 1; mode=block; report=https://okta.report-uri.com/r/d/xss/enforce
    status:
      code: 200
      message: OK
    url: https://test.okta.com/api/v1/meta/types/user
- request:
    body: null
    headers:
      Accept:
      - application/json
      Authorization:
      - SSWS myAPIToken
      Content-Type:
      - application/json
      User-Agent:
      - okta-sdk-python/1.0.0-alpha.1 python/3.8.3 Darwin/18.7.0
    method: POST
    uri: https://test.okta.com/api/v1/meta/types/user
  response:
    body:
      string: '{"id":"otysfex2ma5Xqsh3j4x6","displayName":"python_sdk dn-2","name":"python_sdk_cRuLD_2","description":"python_sdk
        description-2","createdBy":"00uc04qdrQsSHjsDO4x6","lastUpdatedBy":"00uc04qdrQsSHjsDO4x6","created":"2020-08-27T18:17:29.000Z","lastUpdated":"2020-08-27T18:17:29.000Z","default":false,"_links":{"schema":{"rel":"schema","href":"https://test.okta.com/api/v1/meta/schemas/user/oscsfex2ma5Xqsh3j4x6","method":"GET"},"self":{"rel":"self","href":"https://test.okta.com/api/v1/meta/types/user/otysfex2ma5Xqsh3j4x6","method":"GET"}}}'
    headers:
      Connection: keep-alive
      Content-Encoding: gzip
      Content-Type: application/json;charset=UTF-8
      Date: Thu, 27 Aug 2020 18:17:29 GMT
      Public-Key-Pins-Report-Only: pin-sha256="r5EfzZxQVvQpKo3AgYRaT7X2bDO/kj3ACwmxfdT2zt8=";
        pin-sha256="MaqlcUgk2mvY/RFSGeSwBRkI+rZ6/dxe/DuQfBT/vnQ="; pin-sha256="72G5IEvDEWn+EThf3qjR7/bQSWaS2ZSLqolhnO6iyJI=";
        pin-sha256="rrV6CLCCvqnk89gWibYT0JO6fNQ8cCit7GGoiVTjCOg="; max-age=60; report-uri="https://okta.report-uri.com/r/default/hpkp/reportOnly"
      Server: nginx
      Strict-Transport-Security: max-age=315360000; includeSubDomains
      Transfer-Encoding: chunked
      Vary: Accept-Encoding
      cache-control: no-cache, no-store
      content-security-policy-report-only: 'default-src ''self'' *.oktacdn.com test.okta.com;
        connect-src ''self'' *.oktacdn.com *.mixpanel.com *.mapbox.com app.pendo.io
        data.pendo.io pendo-static-5634101834153984.storage.googleapis.com test.okta.com
        test-admin.okta.com https://oinmanager.okta.com data:; script-src ''unsafe-inline''
        ''unsafe-eval'' ''self'' *.oktacdn.com; style-src ''unsafe-inline'' ''self''
        *.oktacdn.com app.pendo.io cdn.pendo.io pendo-static-5634101834153984.storage.googleapis.com;
        frame-src ''self'' login.okta.com test.okta.com test-admin.okta.com; img-src
        ''self'' *.oktacdn.com test.okta.com *.tiles.mapbox.com *.mapbox.com app.pendo.io
        data.pendo.io cdn.pendo.io pendo-static-5634101834153984.storage.googleapis.com
        data: blob:; font-src data: ''self'' *.oktacdn.com fonts.gstatic.com; report-uri
        https://example.com/csp/reportOnly; report-to csp-report'
      expires: '0'
      p3p: CP="HONK"
      pragma: no-cache
      report-to: '{"group":"csp-report","max_age":31536000,"endpoints":[{"url":"https://example.com/csp/reportOnly"}],"include_subdomains":true}'
      set-cookie: JSESSIONID=2989CD9A85DFD4DFEEDC70B521DA5B8C; Path=/; Secure; HttpOnly
      x-content-type-options: nosniff
      x-okta-request-id: X0f4ue-HfNdDgJpFRty3dgAABkQ
      x-rate-limit-limit: '1000'
      x-rate-limit-remaining: '844'
      x-rate-limit-reset: '1598552263'
      x-xss-protection: 1; mode=block; report=https://okta.report-uri.com/r/d/xss/enforce
    status:
      code: 200
      message: OK
    url: https://test.okta.com/api/v1/meta/types/user
- request:
    body: null
    headers:
      Accept:
      - application/json
      Authorization:
      - SSWS myAPIToken
      Content-Type:
      - application/json
      User-Agent:
      - okta-sdk-python/1.0.0-alpha.1 python/3.8.3 Darwin/18.7.0
    method: GET
    uri: https://test.okta.com/api/v1/meta/types/user
  response:
    body:
      string: '[{"id":"otysfet4nTM9GJuvN4x6","displayName":"python_sdk display name","name":"python_sdk_cRuLD","description":"python_sdk
        description","createdBy":"00uc04qdrQsSHjsDO4x6","lastUpdatedBy":"00uc04qdrQsSHjsDO4x6","created":"2020-08-27T18:17:28.000Z","lastUpdated":"2020-08-27T18:17:28.000Z","default":false,"_links":{"schema":{"rel":"schema","href":"https://test.okta.com/api/v1/meta/schemas/user/oscsfet4nTM9GJuvN4x6","method":"GET"},"self":{"rel":"self","href":"https://test.okta.com/api/v1/meta/types/user/otysfet4nTM9GJuvN4x6","method":"GET"}}},{"id":"otysfex2ma5Xqsh3j4x6","displayName":"python_sdk
        dn-2","name":"python_sdk_cRuLD_2","description":"python_sdk description-2","createdBy":"00uc04qdrQsSHjsDO4x6","lastUpdatedBy":"00uc04qdrQsSHjsDO4x6","created":"2020-08-27T18:17:29.000Z","lastUpdated":"2020-08-27T18:17:29.000Z","default":false,"_links":{"schema":{"rel":"schema","href":"https://test.okta.com/api/v1/meta/schemas/user/oscsfex2ma5Xqsh3j4x6","method":"GET"},"self":{"rel":"self","href":"https://test.okta.com/api/v1/meta/types/user/otysfex2ma5Xqsh3j4x6","method":"GET"}}},{"id":"otyc04qb2rUDcq2YA4x6","displayName":"User","name":"user","description":"Okta
        user profile template with default permission settings","createdBy":"sprc04qaglQDCNI4E4x6","lastUpdatedBy":"sprc04qaglQDCNI4E4x6","created":"2020-05-13T13:29:23.000Z","lastUpdated":"2020-05-13T13:29:23.000Z","default":true,"_links":{"schema":{"rel":"schema","href":"https://test.okta.com/api/v1/meta/schemas/user/oscc04qb2rUDcq2YA4x6","method":"GET"},"self":{"rel":"self","href":"https://test.okta.com/api/v1/meta/types/user/otyc04qb2rUDcq2YA4x6","method":"GET"}}}]'
    headers:
      Connection: close
      Content-Encoding: gzip
      Content-Type: application/json;charset=UTF-8
      Date: Thu, 27 Aug 2020 18:17:29 GMT
      Public-Key-Pins-Report-Only: pin-sha256="r5EfzZxQVvQpKo3AgYRaT7X2bDO/kj3ACwmxfdT2zt8=";
        pin-sha256="MaqlcUgk2mvY/RFSGeSwBRkI+rZ6/dxe/DuQfBT/vnQ="; pin-sha256="72G5IEvDEWn+EThf3qjR7/bQSWaS2ZSLqolhnO6iyJI=";
        pin-sha256="rrV6CLCCvqnk89gWibYT0JO6fNQ8cCit7GGoiVTjCOg="; max-age=60; report-uri="https://okta.report-uri.com/r/default/hpkp/reportOnly"
      Server: nginx
      Strict-Transport-Security: max-age=315360000; includeSubDomains
      Transfer-Encoding: chunked
      Vary: Accept-Encoding
      cache-control: no-cache, no-store
      content-security-policy-report-only: 'default-src ''self'' *.oktacdn.com test.okta.com;
        connect-src ''self'' *.oktacdn.com *.mixpanel.com *.mapbox.com app.pendo.io
        data.pendo.io pendo-static-5634101834153984.storage.googleapis.com test.okta.com
        test-admin.okta.com https://oinmanager.okta.com data:; script-src ''unsafe-inline''
        ''unsafe-eval'' ''self'' *.oktacdn.com; style-src ''unsafe-inline'' ''self''
        *.oktacdn.com app.pendo.io cdn.pendo.io pendo-static-5634101834153984.storage.googleapis.com;
        frame-src ''self'' login.okta.com test.okta.com test-admin.okta.com; img-src
        ''self'' *.oktacdn.com test.okta.com *.tiles.mapbox.com *.mapbox.com app.pendo.io
        data.pendo.io cdn.pendo.io pendo-static-5634101834153984.storage.googleapis.com
        data: blob:; font-src data: ''self'' *.oktacdn.com fonts.gstatic.com; report-uri
        https://example.com/csp/reportOnly; report-to csp-report'
      expires: '0'
      p3p: CP="HONK"
      pragma: no-cache
      report-to: '{"group":"csp-report","max_age":31536000,"endpoints":[{"url":"https://example.com/csp/reportOnly"}],"include_subdomains":true}'
      set-cookie: JSESSIONID=8951F5EB76F6562D311F8D4434268D32; Path=/; Secure; HttpOnly
      x-content-type-options: nosniff
      x-okta-request-id: X0f4ufdAPiqCubfI3FIRvwAABzk
      x-rate-limit-limit: '1000'
      x-rate-limit-remaining: '843'
      x-rate-limit-reset: '1598552263'
      x-xss-protection: 1; mode=block; report=https://okta.report-uri.com/r/d/xss/enforce
    status:
      code: 200
      message: OK
    url: https://test.okta.com/api/v1/meta/types/user
- request:
    body: null
    headers:
      Accept:
      - application/json
      Authorization:
      - SSWS myAPIToken
      Content-Type:
      - application/json
      User-Agent:
      - okta-sdk-python/1.0.0-alpha.1 python/3.8.3 Darwin/18.7.0
    method: DELETE
    uri: https://test.okta.com/api/v1/meta/types/user/otysfet4nTM9GJuvN4x6
  response:
    body:
      string: ''
    headers:
      Connection: keep-alive
      Date: Thu, 27 Aug 2020 18:17:29 GMT
      Public-Key-Pins-Report-Only: pin-sha256="r5EfzZxQVvQpKo3AgYRaT7X2bDO/kj3ACwmxfdT2zt8=";
        pin-sha256="MaqlcUgk2mvY/RFSGeSwBRkI+rZ6/dxe/DuQfBT/vnQ="; pin-sha256="72G5IEvDEWn+EThf3qjR7/bQSWaS2ZSLqolhnO6iyJI=";
        pin-sha256="rrV6CLCCvqnk89gWibYT0JO6fNQ8cCit7GGoiVTjCOg="; max-age=60; report-uri="https://okta.report-uri.com/r/default/hpkp/reportOnly"
      Server: nginx
      Strict-Transport-Security: max-age=315360000; includeSubDomains
      cache-control: no-cache, no-store
      content-security-policy-report-only: 'default-src ''self'' *.oktacdn.com test.okta.com;
        connect-src ''self'' *.oktacdn.com *.mixpanel.com *.mapbox.com app.pendo.io
        data.pendo.io pendo-static-5634101834153984.storage.googleapis.com test.okta.com
        test-admin.okta.com https://oinmanager.okta.com data:; script-src ''unsafe-inline''
        ''unsafe-eval'' ''self'' *.oktacdn.com; style-src ''unsafe-inline'' ''self''
        *.oktacdn.com app.pendo.io cdn.pendo.io pendo-static-5634101834153984.storage.googleapis.com;
        frame-src ''self'' login.okta.com test.okta.com test-admin.okta.com; img-src
        ''self'' *.oktacdn.com test.okta.com *.tiles.mapbox.com *.mapbox.com app.pendo.io
        data.pendo.io cdn.pendo.io pendo-static-5634101834153984.storage.googleapis.com
        data: blob:; font-src data: ''self'' *.oktacdn.com fonts.gstatic.com; report-uri
        https://example.com/csp/reportOnly; report-to csp-report'
      expires: '0'
      p3p: CP="HONK"
      pragma: no-cache
      report-to: '{"group":"csp-report","max_age":31536000,"endpoints":[{"url":"https://example.com/csp/reportOnly"}],"include_subdomains":true}'
      set-cookie: JSESSIONID=2F5E2D47B7CE864290BA7DD9735A15D0; Path=/; Secure; HttpOnly
      x-frame-options: SAMEORIGIN
      x-okta-request-id: X0f4uRaqnV-yzw550VZODAAABy4
      x-rate-limit-limit: '1000'
      x-rate-limit-remaining: '842'
      x-rate-limit-reset: '1598552263'
      x-xss-protection: 1; mode=block; report=https://okta.report-uri.com/r/d/xss/enforce
    status:
      code: 204
      message: No Content
    url: https://test.okta.com/api/v1/meta/types/user/otysfet4nTM9GJuvN4x6
- request:
    body: null
    headers:
      Accept:
      - application/json
      Authorization:
      - SSWS myAPIToken
      Content-Type:
      - application/json
      User-Agent:
      - okta-sdk-python/1.0.0-alpha.1 python/3.8.3 Darwin/18.7.0
    method: DELETE
    uri: https://test.okta.com/api/v1/meta/types/user/otysfex2ma5Xqsh3j4x6
  response:
    body:
      string: ''
    headers:
      Connection: keep-alive
      Date: Thu, 27 Aug 2020 18:17:29 GMT
      Public-Key-Pins-Report-Only: pin-sha256="r5EfzZxQVvQpKo3AgYRaT7X2bDO/kj3ACwmxfdT2zt8=";
        pin-sha256="MaqlcUgk2mvY/RFSGeSwBRkI+rZ6/dxe/DuQfBT/vnQ="; pin-sha256="72G5IEvDEWn+EThf3qjR7/bQSWaS2ZSLqolhnO6iyJI=";
        pin-sha256="rrV6CLCCvqnk89gWibYT0JO6fNQ8cCit7GGoiVTjCOg="; max-age=60; report-uri="https://okta.report-uri.com/r/default/hpkp/reportOnly"
      Server: nginx
      Strict-Transport-Security: max-age=315360000; includeSubDomains
      cache-control: no-cache, no-store
      content-security-policy-report-only: 'default-src ''self'' *.oktacdn.com test.okta.com;
        connect-src ''self'' *.oktacdn.com *.mixpanel.com *.mapbox.com app.pendo.io
        data.pendo.io pendo-static-5634101834153984.storage.googleapis.com test.okta.com
        test-admin.okta.com https://oinmanager.okta.com data:; script-src ''unsafe-inline''
        ''unsafe-eval'' ''self'' *.oktacdn.com; style-src ''unsafe-inline'' ''self''
        *.oktacdn.com app.pendo.io cdn.pendo.io pendo-static-5634101834153984.storage.googleapis.com;
        frame-src ''self'' login.okta.com test.okta.com test-admin.okta.com; img-src
        ''self'' *.oktacdn.com test.okta.com *.tiles.mapbox.com *.mapbox.com app.pendo.io
        data.pendo.io cdn.pendo.io pendo-static-5634101834153984.storage.googleapis.com
        data: blob:; font-src data: ''self'' *.oktacdn.com fonts.gstatic.com; report-uri
        https://example.com/csp/reportOnly; report-to csp-report'
      expires: '0'
      p3p: CP="HONK"
      pragma: no-cache
      report-to: '{"group":"csp-report","max_age":31536000,"endpoints":[{"url":"https://example.com/csp/reportOnly"}],"include_subdomains":true}'
      set-cookie: JSESSIONID=C318174B9B6C439037E9863E71A28247; Path=/; Secure; HttpOnly
      x-frame-options: SAMEORIGIN
      x-okta-request-id: X0f4ucMCYhgX8pCoTOOVJwAAB3I
      x-rate-limit-limit: '1000'
      x-rate-limit-remaining: '841'
      x-rate-limit-reset: '1598552263'
      x-xss-protection: 1; mode=block; report=https://okta.report-uri.com/r/d/xss/enforce
    status:
      code: 204
      message: No Content
    url: https://test.okta.com/api/v1/meta/types/user/otysfex2ma5Xqsh3j4x6
version: 1
