interactions:
- request:
    body: null
    headers:
      Accept:
      - application/json
      Authorization:
      - SSWS myAPIToken
      User-Agent:
      - okta-sdk-python/2.4.0 python/3.8.2 Darwin/20.6.0
    method: GET
    uri: https://test.okta.com/api/v1/brands
  response:
    body:
      string: '[{"id":"bnd8cxvskK3NpqF6H0w6","removePoweredByOkta":false,"customPrivacyPolicyUrl":null,"_links":{"themes":{"href":"https://test.okta.com/api/v1/brands/bnd8cxvskK3NpqF6H0w6/themes","hints":{"allow":["GET"]}},"self":{"href":"https://test.okta.com/api/v1/brands/bnd8cxvskK3NpqF6H0w6","hints":{"allow":["GET","PUT"]}}}}]'
    headers:
      Cache-Control:
      - no-cache, no-store
      Connection:
      - keep-alive
      Content-Encoding:
      - gzip
      Content-Type:
      - application/json
      Date:
      - Mon, 21 Feb 2022 14:34:04 GMT
      Expires:
      - '0'
      Pragma:
      - no-cache
      Public-Key-Pins-Report-Only:
      - pin-sha256="MAbZWK1eIklkAxEkc7uqoZ/QX3cgLZT0HY5TRG1JXrs="; pin-sha256="PJ1QGTlW5ViFNhswMsYKp4X8C7KdG8nDW4ZcXLmYMyI=";
        pin-sha256="5LlRWGTBVjpfNXXU5T7cYVUbOSPcgpMgdjaWd/R9Leg="; pin-sha256="lpaMLlEsp7/dVZoeWt3f9ciJIMGimixAIaKNsn9/bCY=";
        max-age=60; report-uri="https://okta.report-uri.com/r/default/hpkp/reportOnly"
      Server:
      - nginx
      Set-Cookie:
      - sid=""; Expires=Thu, 01-Jan-1970 00:00:10 GMT; Path=/
      - autolaunch_triggered=""; Expires=Thu, 01-Jan-1970 00:00:10 GMT; Path=/
      - JSESSIONID=D960F62871D4B175AFAE92166747EA9A; Path=/; Secure; HttpOnly
      Strict-Transport-Security:
      - max-age=315360000; includeSubDomains
      Transfer-Encoding:
      - chunked
      Vary:
      - Accept-Encoding
      content-security-policy:
      - 'default-src ''self'' test.okta.com *.oktacdn.com; connect-src ''self''
        test.okta.com test-admin.okta.com *.oktacdn.com *.mixpanel.com
        *.mapbox.com app.pendo.io data.pendo.io pendo-static-5634101834153984.storage.googleapis.com
        test.kerberos.okta.com *.authenticatorlocaldev.com:8769 http://localhost:8769
        http://127.0.0.1:8769 *.authenticatorlocaldev.com:65111 http://localhost:65111
        http://127.0.0.1:65111 *.authenticatorlocaldev.com:65121 http://localhost:65121
        http://127.0.0.1:65121 *.authenticatorlocaldev.com:65131 http://localhost:65131
        http://127.0.0.1:65131 *.authenticatorlocaldev.com:65141 http://localhost:65141
        http://127.0.0.1:65141 *.authenticatorlocaldev.com:65151 http://localhost:65151
        http://127.0.0.1:65151 https://oinmanager.okta.com data:; script-src
        ''unsafe-inline'' ''unsafe-eval'' ''self'' test.okta.com *.oktacdn.com;
        style-src ''unsafe-inline'' ''self'' test.okta.com *.oktacdn.com
        app.pendo.io cdn.pendo.io pendo-static-5634101834153984.storage.googleapis.com;
        frame-src ''self'' test.okta.com test-admin.okta.com login.okta.com
        com-okta-authenticator:; img-src ''self'' test.okta.com *.oktacdn.com
        *.tiles.mapbox.com *.mapbox.com app.pendo.io data.pendo.io cdn.pendo.io pendo-static-5634101834153984.storage.googleapis.com
        data: blob:; font-src ''self'' test.okta.com data: *.oktacdn.com
        fonts.gstatic.com; frame-ancestors ''self''; report-uri https://okta.report-uri.com/r/d/csp/enforce;
        report-to csp'
      expect-ct:
      - report-uri="https://oktaexpectct.report-uri.com/r/t/ct/reportOnly", max-age=0
      p3p:
      - CP="HONK"
      report-to:
      - '{"group":"csp","max_age":31536000,"endpoints":[{"url":"https://okta.report-uri.com/a/d/g"}],"include_subdomains":true}'
      x-content-type-options:
      - nosniff
      x-okta-request-id:
      - YhOi3MPk2Dy8Yro1r7R@-AAAAGY
      x-rate-limit-limit:
      - '600'
      x-rate-limit-remaining:
      - '575'
      x-rate-limit-reset:
      - '1645454079'
      x-xss-protection:
      - '0'
    status:
      code: 200
      message: OK
    url: https://test.okta.com/api/v1/brands
- request:
    body: null
    headers:
      Accept:
      - application/json
      Authorization:
      - SSWS myAPIToken
      User-Agent:
      - okta-sdk-python/2.4.0 python/3.8.2 Darwin/20.6.0
    method: GET
    uri: https://test.okta.com/api/v1/brands/bnd8cxvskK3NpqF6H0w6/templates/email
  response:
    body:
      string: '[{"name":"welcome","_links":{"self":{"href":"https://test.okta.com/api/v1/brands/bnd8cxvskK3NpqF6H0w6/templates/email/welcome","hints":{"allow":["GET"]}},"defaultContent":{"href":"https://test.okta.com/api/v1/brands/bnd8cxvskK3NpqF6H0w6/templates/email/welcome/default-content","hints":{"allow":["GET"]}},"test":{"href":"https://test.okta.com/api/v1/brands/bnd8cxvskK3NpqF6H0w6/templates/email/welcome/test","hints":{"allow":["POST"]}},"customizations":{"href":"https://test.okta.com/api/v1/brands/bnd8cxvskK3NpqF6H0w6/templates/email/welcome/customizations","hints":{"allow":["GET","POST","DELETE"]}}}},{"name":"forgotPassword","_links":{"self":{"href":"https://test.okta.com/api/v1/brands/bnd8cxvskK3NpqF6H0w6/templates/email/forgotPassword","hints":{"allow":["GET"]}},"defaultContent":{"href":"https://test.okta.com/api/v1/brands/bnd8cxvskK3NpqF6H0w6/templates/email/forgotPassword/default-content","hints":{"allow":["GET"]}},"test":{"href":"https://test.okta.com/api/v1/brands/bnd8cxvskK3NpqF6H0w6/templates/email/forgotPassword/test","hints":{"allow":["POST"]}},"customizations":{"href":"https://test.okta.com/api/v1/brands/bnd8cxvskK3NpqF6H0w6/templates/email/forgotPassword/customizations","hints":{"allow":["GET","POST","DELETE"]}}}},{"name":"forgotPasswordDenied","_links":{"self":{"href":"https://test.okta.com/api/v1/brands/bnd8cxvskK3NpqF6H0w6/templates/email/forgotPasswordDenied","hints":{"allow":["GET"]}},"defaultContent":{"href":"https://test.okta.com/api/v1/brands/bnd8cxvskK3NpqF6H0w6/templates/email/forgotPasswordDenied/default-content","hints":{"allow":["GET"]}},"test":{"href":"https://test.okta.com/api/v1/brands/bnd8cxvskK3NpqF6H0w6/templates/email/forgotPasswordDenied/test","hints":{"allow":["POST"]}},"customizations":{"href":"https://test.okta.com/api/v1/brands/bnd8cxvskK3NpqF6H0w6/templates/email/forgotPasswordDenied/customizations","hints":{"allow":["GET","POST","DELETE"]}}}},{"name":"tempPassword","_links":{"self":{"href":"https://test.okta.com/api/v1/brands/bnd8cxvskK3NpqF6H0w6/templates/email/tempPassword","hints":{"allow":["GET"]}},"defaultContent":{"href":"https://test.okta.com/api/v1/brands/bnd8cxvskK3NpqF6H0w6/templates/email/tempPassword/default-content","hints":{"allow":["GET"]}},"test":{"href":"https://test.okta.com/api/v1/brands/bnd8cxvskK3NpqF6H0w6/templates/email/tempPassword/test","hints":{"allow":["POST"]}},"customizations":{"href":"https://test.okta.com/api/v1/brands/bnd8cxvskK3NpqF6H0w6/templates/email/tempPassword/customizations","hints":{"allow":["GET","POST","DELETE"]}}}},{"name":"ad.welcome","_links":{"self":{"href":"https://test.okta.com/api/v1/brands/bnd8cxvskK3NpqF6H0w6/templates/email/ad.welcome","hints":{"allow":["GET"]}},"defaultContent":{"href":"https://test.okta.com/api/v1/brands/bnd8cxvskK3NpqF6H0w6/templates/email/ad.welcome/default-content","hints":{"allow":["GET"]}},"test":{"href":"https://test.okta.com/api/v1/brands/bnd8cxvskK3NpqF6H0w6/templates/email/ad.welcome/test","hints":{"allow":["POST"]}},"customizations":{"href":"https://test.okta.com/api/v1/brands/bnd8cxvskK3NpqF6H0w6/templates/email/ad.welcome/customizations","hints":{"allow":["GET","POST","DELETE"]}}}},{"name":"ad.forgotPassword","_links":{"self":{"href":"https://test.okta.com/api/v1/brands/bnd8cxvskK3NpqF6H0w6/templates/email/ad.forgotPassword","hints":{"allow":["GET"]}},"defaultContent":{"href":"https://test.okta.com/api/v1/brands/bnd8cxvskK3NpqF6H0w6/templates/email/ad.forgotPassword/default-content","hints":{"allow":["GET"]}},"test":{"href":"https://test.okta.com/api/v1/brands/bnd8cxvskK3NpqF6H0w6/templates/email/ad.forgotPassword/test","hints":{"allow":["POST"]}},"customizations":{"href":"https://test.okta.com/api/v1/brands/bnd8cxvskK3NpqF6H0w6/templates/email/ad.forgotPassword/customizations","hints":{"allow":["GET","POST","DELETE"]}}}},{"name":"ad.forgotPasswordReset","_links":{"self":{"href":"https://test.okta.com/api/v1/brands/bnd8cxvskK3NpqF6H0w6/templates/email/ad.forgotPasswordReset","hints":{"allow":["GET"]}},"defaultContent":{"href":"https://test.okta.com/api/v1/brands/bnd8cxvskK3NpqF6H0w6/templates/email/ad.forgotPasswordReset/default-content","hints":{"allow":["GET"]}},"test":{"href":"https://test.okta.com/api/v1/brands/bnd8cxvskK3NpqF6H0w6/templates/email/ad.forgotPasswordReset/test","hints":{"allow":["POST"]}},"customizations":{"href":"https://test.okta.com/api/v1/brands/bnd8cxvskK3NpqF6H0w6/templates/email/ad.forgotPasswordReset/customizations","hints":{"allow":["GET","POST","DELETE"]}}}},{"name":"ldap.welcome","_links":{"self":{"href":"https://test.okta.com/api/v1/brands/bnd8cxvskK3NpqF6H0w6/templates/email/ldap.welcome","hints":{"allow":["GET"]}},"defaultContent":{"href":"https://test.okta.com/api/v1/brands/bnd8cxvskK3NpqF6H0w6/templates/email/ldap.welcome/default-content","hints":{"allow":["GET"]}},"test":{"href":"https://test.okta.com/api/v1/brands/bnd8cxvskK3NpqF6H0w6/templates/email/ldap.welcome/test","hints":{"allow":["POST"]}},"customizations":{"href":"https://test.okta.com/api/v1/brands/bnd8cxvskK3NpqF6H0w6/templates/email/ldap.welcome/customizations","hints":{"allow":["GET","POST","DELETE"]}}}},{"name":"ldap.forgotPassword","_links":{"self":{"href":"https://test.okta.com/api/v1/brands/bnd8cxvskK3NpqF6H0w6/templates/email/ldap.forgotPassword","hints":{"allow":["GET"]}},"defaultContent":{"href":"https://test.okta.com/api/v1/brands/bnd8cxvskK3NpqF6H0w6/templates/email/ldap.forgotPassword/default-content","hints":{"allow":["GET"]}},"test":{"href":"https://test.okta.com/api/v1/brands/bnd8cxvskK3NpqF6H0w6/templates/email/ldap.forgotPassword/test","hints":{"allow":["POST"]}},"customizations":{"href":"https://test.okta.com/api/v1/brands/bnd8cxvskK3NpqF6H0w6/templates/email/ldap.forgotPassword/customizations","hints":{"allow":["GET","POST","DELETE"]}}}},{"name":"ldap.forgotPasswordDenied","_links":{"self":{"href":"https://test.okta.com/api/v1/brands/bnd8cxvskK3NpqF6H0w6/templates/email/ldap.forgotPasswordDenied","hints":{"allow":["GET"]}},"defaultContent":{"href":"https://test.okta.com/api/v1/brands/bnd8cxvskK3NpqF6H0w6/templates/email/ldap.forgotPasswordDenied/default-content","hints":{"allow":["GET"]}},"test":{"href":"https://test.okta.com/api/v1/brands/bnd8cxvskK3NpqF6H0w6/templates/email/ldap.forgotPasswordDenied/test","hints":{"allow":["POST"]}},"customizations":{"href":"https://test.okta.com/api/v1/brands/bnd8cxvskK3NpqF6H0w6/templates/email/ldap.forgotPasswordDenied/customizations","hints":{"allow":["GET","POST","DELETE"]}}}}]'
    headers:
      Cache-Control:
      - no-cache, no-store
      Connection:
      - keep-alive
      Content-Encoding:
      - gzip
      Content-Type:
      - application/json
      Date:
      - Mon, 21 Feb 2022 14:34:05 GMT
      Expires:
      - '0'
      Link:
      - <https://test-admin.okta.com/api/v1/brands/bnd8cxvskK3NpqF6H0w6/templates/email?limit=10>;
        rel="self"
      - <https://test-admin.okta.com/api/v1/brands/bnd8cxvskK3NpqF6H0w6/templates/email?after=bGRhcC5mb3Jnb3RQYXNzd29yZERlbmllZA%3D%3D&limit=10>;
        rel="next"
      Pragma:
      - no-cache
      Public-Key-Pins-Report-Only:
      - pin-sha256="MAbZWK1eIklkAxEkc7uqoZ/QX3cgLZT0HY5TRG1JXrs="; pin-sha256="PJ1QGTlW5ViFNhswMsYKp4X8C7KdG8nDW4ZcXLmYMyI=";
        pin-sha256="5LlRWGTBVjpfNXXU5T7cYVUbOSPcgpMgdjaWd/R9Leg="; pin-sha256="lpaMLlEsp7/dVZoeWt3f9ciJIMGimixAIaKNsn9/bCY=";
        max-age=60; report-uri="https://okta.report-uri.com/r/default/hpkp/reportOnly"
      Server:
      - nginx
      Set-Cookie:
      - sid=""; Expires=Thu, 01-Jan-1970 00:00:10 GMT; Path=/
      - autolaunch_triggered=""; Expires=Thu, 01-Jan-1970 00:00:10 GMT; Path=/
      - JSESSIONID=955B937FD70FE344AAFE33EF4B2F002C; Path=/; Secure; HttpOnly
      Strict-Transport-Security:
      - max-age=315360000; includeSubDomains
      Transfer-Encoding:
      - chunked
      Vary:
      - Accept-Encoding
      content-security-policy:
      - 'default-src ''self'' test.okta.com *.oktacdn.com; connect-src ''self''
        test.okta.com test-admin.okta.com *.oktacdn.com *.mixpanel.com
        *.mapbox.com app.pendo.io data.pendo.io pendo-static-5634101834153984.storage.googleapis.com
        test.kerberos.okta.com *.authenticatorlocaldev.com:8769 http://localhost:8769
        http://127.0.0.1:8769 *.authenticatorlocaldev.com:65111 http://localhost:65111
        http://127.0.0.1:65111 *.authenticatorlocaldev.com:65121 http://localhost:65121
        http://127.0.0.1:65121 *.authenticatorlocaldev.com:65131 http://localhost:65131
        http://127.0.0.1:65131 *.authenticatorlocaldev.com:65141 http://localhost:65141
        http://127.0.0.1:65141 *.authenticatorlocaldev.com:65151 http://localhost:65151
        http://127.0.0.1:65151 https://oinmanager.okta.com data:; script-src
        ''unsafe-inline'' ''unsafe-eval'' ''self'' test.okta.com *.oktacdn.com;
        style-src ''unsafe-inline'' ''self'' test.okta.com *.oktacdn.com
        app.pendo.io cdn.pendo.io pendo-static-5634101834153984.storage.googleapis.com;
        frame-src ''self'' test.okta.com test-admin.okta.com login.okta.com
        com-okta-authenticator:; img-src ''self'' test.okta.com *.oktacdn.com
        *.tiles.mapbox.com *.mapbox.com app.pendo.io data.pendo.io cdn.pendo.io pendo-static-5634101834153984.storage.googleapis.com
        data: blob:; font-src ''self'' test.okta.com data: *.oktacdn.com
        fonts.gstatic.com; frame-ancestors ''self''; report-uri https://okta.report-uri.com/r/d/csp/enforce;
        report-to csp'
      expect-ct:
      - report-uri="https://oktaexpectct.report-uri.com/r/t/ct/reportOnly", max-age=0
      p3p:
      - CP="HONK"
      report-to:
      - '{"group":"csp","max_age":31536000,"endpoints":[{"url":"https://okta.report-uri.com/a/d/g"}],"include_subdomains":true}'
      x-content-type-options:
      - nosniff
      x-okta-request-id:
      - YhOi3SwT54@nocbTVEEnNgAAANw
      x-rate-limit-limit:
      - '600'
      x-rate-limit-remaining:
      - '574'
      x-rate-limit-reset:
      - '1645454079'
      x-xss-protection:
      - '0'
    status:
      code: 200
      message: OK
    url: https://test.okta.com/api/v1/brands/bnd8cxvskK3NpqF6H0w6/templates/email
- request:
    body: null
    headers:
      Accept:
      - application/json
      Authorization:
      - SSWS myAPIToken
      User-Agent:
      - okta-sdk-python/2.4.0 python/3.8.2 Darwin/20.6.0
    method: DELETE
    uri: https://test.okta.com/api/v1/brands/bnd8cxvskK3NpqF6H0w6/templates/email/welcome/customizations
  response:
    body:
      string: ''
    headers:
      Cache-Control:
      - no-cache, no-store
      Connection:
      - keep-alive
      Date:
      - Mon, 21 Feb 2022 14:34:05 GMT
      Expires:
      - '0'
      Pragma:
      - no-cache
      Public-Key-Pins-Report-Only:
      - pin-sha256="MAbZWK1eIklkAxEkc7uqoZ/QX3cgLZT0HY5TRG1JXrs="; pin-sha256="PJ1QGTlW5ViFNhswMsYKp4X8C7KdG8nDW4ZcXLmYMyI=";
        pin-sha256="5LlRWGTBVjpfNXXU5T7cYVUbOSPcgpMgdjaWd/R9Leg="; pin-sha256="lpaMLlEsp7/dVZoeWt3f9ciJIMGimixAIaKNsn9/bCY=";
        max-age=60; report-uri="https://okta.report-uri.com/r/default/hpkp/reportOnly"
      Server:
      - nginx
      Set-Cookie:
      - sid=""; Expires=Thu, 01-Jan-1970 00:00:10 GMT; Path=/
      - autolaunch_triggered=""; Expires=Thu, 01-Jan-1970 00:00:10 GMT; Path=/
      - JSESSIONID=9B2A74475574992B935150CAE9EA511F; Path=/; Secure; HttpOnly
      Strict-Transport-Security:
      - max-age=315360000; includeSubDomains
      content-security-policy:
      - 'default-src ''self'' test.okta.com *.oktacdn.com; connect-src ''self''
        test.okta.com test-admin.okta.com *.oktacdn.com *.mixpanel.com
        *.mapbox.com app.pendo.io data.pendo.io pendo-static-5634101834153984.storage.googleapis.com
        test.kerberos.okta.com *.authenticatorlocaldev.com:8769 http://localhost:8769
        http://127.0.0.1:8769 *.authenticatorlocaldev.com:65111 http://localhost:65111
        http://127.0.0.1:65111 *.authenticatorlocaldev.com:65121 http://localhost:65121
        http://127.0.0.1:65121 *.authenticatorlocaldev.com:65131 http://localhost:65131
        http://127.0.0.1:65131 *.authenticatorlocaldev.com:65141 http://localhost:65141
        http://127.0.0.1:65141 *.authenticatorlocaldev.com:65151 http://localhost:65151
        http://127.0.0.1:65151 https://oinmanager.okta.com data:; script-src
        ''unsafe-inline'' ''unsafe-eval'' ''self'' test.okta.com *.oktacdn.com;
        style-src ''unsafe-inline'' ''self'' test.okta.com *.oktacdn.com
        app.pendo.io cdn.pendo.io pendo-static-5634101834153984.storage.googleapis.com;
        frame-src ''self'' test.okta.com test-admin.okta.com login.okta.com
        com-okta-authenticator:; img-src ''self'' test.okta.com *.oktacdn.com
        *.tiles.mapbox.com *.mapbox.com app.pendo.io data.pendo.io cdn.pendo.io pendo-static-5634101834153984.storage.googleapis.com
        data: blob:; font-src ''self'' test.okta.com data: *.oktacdn.com
        fonts.gstatic.com; frame-ancestors ''self''; report-uri https://okta.report-uri.com/r/d/csp/enforce;
        report-to csp'
      expect-ct:
      - report-uri="https://oktaexpectct.report-uri.com/r/t/ct/reportOnly", max-age=0
      p3p:
      - CP="HONK"
      report-to:
      - '{"group":"csp","max_age":31536000,"endpoints":[{"url":"https://okta.report-uri.com/a/d/g"}],"include_subdomains":true}'
      x-frame-options:
      - SAMEORIGIN
      x-okta-request-id:
      - YhOi3cqaLa6h3bS0xykzrAAADeU
      x-rate-limit-limit:
      - '600'
      x-rate-limit-remaining:
      - '573'
      x-rate-limit-reset:
      - '1645454079'
      x-xss-protection:
      - '0'
    status:
      code: 204
      message: No Content
    url: https://test.okta.com/api/v1/brands/bnd8cxvskK3NpqF6H0w6/templates/email/welcome/customizations
- request:
    body: '{"body": "<!DOCTYPE html><html><body><p>Hello ${user.profile.firstName}.
      <a href=\"${activationLink}\">Activate account</a></p></body></html>", "isDefault":
      true, "language": "en", "subject": "Hello, welcome to ${org.name}!"}'
    headers:
      Accept:
      - application/json
      Authorization:
      - SSWS myAPIToken
      Content-Type:
      - application/json
      User-Agent:
      - okta-sdk-python/2.4.0 python/3.8.2 Darwin/20.6.0
    method: POST
    uri: https://test.okta.com/api/v1/brands/bnd8cxvskK3NpqF6H0w6/templates/email/welcome/customizations
  response:
    body:
      string: '{"subject":"Hello, welcome to ${org.name}!","body":"<!DOCTYPE html><html><body><p>Hello
        ${user.profile.firstName}. <a href=\"${activationLink}\">Activate account</a></p></body></html>","id":"oel8qylaj8wqHe4og0w6","language":"en","isDefault":true,"created":"2022-02-21T14:34:06.000Z","lastUpdated":"2022-02-21T14:34:06.000Z","_links":{"preview":{"href":"https://test.okta.com/api/v1/brands/bnd8cxvskK3NpqF6H0w6/templates/email/welcome/customizations/oel8qylaj8wqHe4og0w6/preview","hints":{"allow":["GET"]}},"template":{"href":"https://test.okta.com/api/v1/brands/bnd8cxvskK3NpqF6H0w6/templates/email/welcome","hints":{"allow":["GET"]}},"self":{"href":"https://test.okta.com/api/v1/brands/bnd8cxvskK3NpqF6H0w6/templates/email/welcome/customizations/oel8qylaj8wqHe4og0w6","hints":{"allow":["GET","PUT","DELETE"]}},"test":{"href":"https://test.okta.com/api/v1/brands/bnd8cxvskK3NpqF6H0w6/templates/email/welcome/test","hints":{"allow":["POST"]}}}}'
    headers:
      Cache-Control:
      - no-cache, no-store
      Connection:
      - keep-alive
      Content-Type:
      - application/json
      Date:
      - Mon, 21 Feb 2022 14:34:06 GMT
      Expires:
      - '0'
      Pragma:
      - no-cache
      Public-Key-Pins-Report-Only:
      - pin-sha256="MAbZWK1eIklkAxEkc7uqoZ/QX3cgLZT0HY5TRG1JXrs="; pin-sha256="PJ1QGTlW5ViFNhswMsYKp4X8C7KdG8nDW4ZcXLmYMyI=";
        pin-sha256="5LlRWGTBVjpfNXXU5T7cYVUbOSPcgpMgdjaWd/R9Leg="; pin-sha256="lpaMLlEsp7/dVZoeWt3f9ciJIMGimixAIaKNsn9/bCY=";
        max-age=60; report-uri="https://okta.report-uri.com/r/default/hpkp/reportOnly"
      Server:
      - nginx
      Set-Cookie:
      - sid=""; Expires=Thu, 01-Jan-1970 00:00:10 GMT; Path=/
      - autolaunch_triggered=""; Expires=Thu, 01-Jan-1970 00:00:10 GMT; Path=/
      - JSESSIONID=0AC53304AE125A440B0807E06C829ECA; Path=/; Secure; HttpOnly
      Strict-Transport-Security:
      - max-age=315360000; includeSubDomains
      Transfer-Encoding:
      - chunked
      content-security-policy:
      - 'default-src ''self'' test.okta.com *.oktacdn.com; connect-src ''self''
        test.okta.com test-admin.okta.com *.oktacdn.com *.mixpanel.com
        *.mapbox.com app.pendo.io data.pendo.io pendo-static-5634101834153984.storage.googleapis.com
        test.kerberos.okta.com *.authenticatorlocaldev.com:8769 http://localhost:8769
        http://127.0.0.1:8769 *.authenticatorlocaldev.com:65111 http://localhost:65111
        http://127.0.0.1:65111 *.authenticatorlocaldev.com:65121 http://localhost:65121
        http://127.0.0.1:65121 *.authenticatorlocaldev.com:65131 http://localhost:65131
        http://127.0.0.1:65131 *.authenticatorlocaldev.com:65141 http://localhost:65141
        http://127.0.0.1:65141 *.authenticatorlocaldev.com:65151 http://localhost:65151
        http://127.0.0.1:65151 https://oinmanager.okta.com data:; script-src
        ''unsafe-inline'' ''unsafe-eval'' ''self'' test.okta.com *.oktacdn.com;
        style-src ''unsafe-inline'' ''self'' test.okta.com *.oktacdn.com
        app.pendo.io cdn.pendo.io pendo-static-5634101834153984.storage.googleapis.com;
        frame-src ''self'' test.okta.com test-admin.okta.com login.okta.com
        com-okta-authenticator:; img-src ''self'' test.okta.com *.oktacdn.com
        *.tiles.mapbox.com *.mapbox.com app.pendo.io data.pendo.io cdn.pendo.io pendo-static-5634101834153984.storage.googleapis.com
        data: blob:; font-src ''self'' test.okta.com data: *.oktacdn.com
        fonts.gstatic.com; frame-ancestors ''self''; report-uri https://okta.report-uri.com/r/d/csp/enforce;
        report-to csp'
      expect-ct:
      - report-uri="https://oktaexpectct.report-uri.com/r/t/ct/reportOnly", max-age=0
      p3p:
      - CP="HONK"
      report-to:
      - '{"group":"csp","max_age":31536000,"endpoints":[{"url":"https://okta.report-uri.com/a/d/g"}],"include_subdomains":true}'
      x-content-type-options:
      - nosniff
      x-okta-request-id:
      - YhOi3iwT54@nocbTVEEnNwAAANw
      x-rate-limit-limit:
      - '600'
      x-rate-limit-remaining:
      - '572'
      x-rate-limit-reset:
      - '1645454079'
      x-xss-protection:
      - '0'
    status:
      code: 201
      message: Created
    url: https://test.okta.com/api/v1/brands/bnd8cxvskK3NpqF6H0w6/templates/email/welcome/customizations
- request:
    body: null
    headers:
      Accept:
      - application/json
      Authorization:
      - SSWS myAPIToken
      Content-Type:
      - application/json
      User-Agent:
      - okta-sdk-python/2.4.0 python/3.8.2 Darwin/20.6.0
    method: GET
    uri: https://test.okta.com/api/v1/brands/bnd8cxvskK3NpqF6H0w6/templates/email/welcome/customizations/oel8qylaj8wqHe4og0w6/preview
  response:
    body:
      string: '{"subject":"Hello, welcome to test!","body":"<!DOCTYPE HTML PUBLIC
        \"-//W3C//DTD HTML 4.01//EN\" \"http://www.w3.org/TR/html4/strict.dtd\">\n<html><head><meta
        http-equiv=\"Content-Type\" content=\"text/html; charset=UTF-8\"></head>\n<body><div><p>Hello
        John. <a href=\"%28activationLink%20Placeholder%29\">Activate account</a></p></div></body></html>","_links":{"template":{"href":"https://test.okta.com/api/v1/brands/bnd8cxvskK3NpqF6H0w6/templates/email/welcome","hints":{"allow":["GET"]}},"self":{"href":"https://test.okta.com/api/v1/brands/bnd8cxvskK3NpqF6H0w6/templates/email/welcome/customizations/oel8qylaj8wqHe4og0w6/preview","hints":{"allow":["GET"]}},"test":{"href":"https://test.okta.com/api/v1/brands/bnd8cxvskK3NpqF6H0w6/templates/email/welcome/test","hints":{"allow":["POST"]}}}}'
    headers:
      Cache-Control:
      - no-cache, no-store
      Connection:
      - keep-alive
      Content-Encoding:
      - gzip
      Content-Type:
      - application/json
      Date:
      - Mon, 21 Feb 2022 14:34:06 GMT
      Expires:
      - '0'
      Pragma:
      - no-cache
      Public-Key-Pins-Report-Only:
      - pin-sha256="MAbZWK1eIklkAxEkc7uqoZ/QX3cgLZT0HY5TRG1JXrs="; pin-sha256="PJ1QGTlW5ViFNhswMsYKp4X8C7KdG8nDW4ZcXLmYMyI=";
        pin-sha256="5LlRWGTBVjpfNXXU5T7cYVUbOSPcgpMgdjaWd/R9Leg="; pin-sha256="lpaMLlEsp7/dVZoeWt3f9ciJIMGimixAIaKNsn9/bCY=";
        max-age=60; report-uri="https://okta.report-uri.com/r/default/hpkp/reportOnly"
      Server:
      - nginx
      Set-Cookie:
      - sid=""; Expires=Thu, 01-Jan-1970 00:00:10 GMT; Path=/
      - autolaunch_triggered=""; Expires=Thu, 01-Jan-1970 00:00:10 GMT; Path=/
      - JSESSIONID=CC40CCFD00F43581436A2418B3F08F73; Path=/; Secure; HttpOnly
      Strict-Transport-Security:
      - max-age=315360000; includeSubDomains
      Transfer-Encoding:
      - chunked
      Vary:
      - Accept-Encoding
      content-security-policy:
      - 'default-src ''self'' test.okta.com *.oktacdn.com; connect-src ''self''
        test.okta.com test-admin.okta.com *.oktacdn.com *.mixpanel.com
        *.mapbox.com app.pendo.io data.pendo.io pendo-static-5634101834153984.storage.googleapis.com
        test.kerberos.okta.com *.authenticatorlocaldev.com:8769 http://localhost:8769
        http://127.0.0.1:8769 *.authenticatorlocaldev.com:65111 http://localhost:65111
        http://127.0.0.1:65111 *.authenticatorlocaldev.com:65121 http://localhost:65121
        http://127.0.0.1:65121 *.authenticatorlocaldev.com:65131 http://localhost:65131
        http://127.0.0.1:65131 *.authenticatorlocaldev.com:65141 http://localhost:65141
        http://127.0.0.1:65141 *.authenticatorlocaldev.com:65151 http://localhost:65151
        http://127.0.0.1:65151 https://oinmanager.okta.com data:; script-src
        ''unsafe-inline'' ''unsafe-eval'' ''self'' test.okta.com *.oktacdn.com;
        style-src ''unsafe-inline'' ''self'' test.okta.com *.oktacdn.com
        app.pendo.io cdn.pendo.io pendo-static-5634101834153984.storage.googleapis.com;
        frame-src ''self'' test.okta.com test-admin.okta.com login.okta.com
        com-okta-authenticator:; img-src ''self'' test.okta.com *.oktacdn.com
        *.tiles.mapbox.com *.mapbox.com app.pendo.io data.pendo.io cdn.pendo.io pendo-static-5634101834153984.storage.googleapis.com
        data: blob:; font-src ''self'' test.okta.com data: *.oktacdn.com
        fonts.gstatic.com; frame-ancestors ''self''; report-uri https://okta.report-uri.com/r/d/csp/enforce;
        report-to csp'
      expect-ct:
      - report-uri="https://oktaexpectct.report-uri.com/r/t/ct/reportOnly", max-age=0
      p3p:
      - CP="HONK"
      report-to:
      - '{"group":"csp","max_age":31536000,"endpoints":[{"url":"https://okta.report-uri.com/a/d/g"}],"include_subdomains":true}'
      x-content-type-options:
      - nosniff
      x-okta-request-id:
      - YhOi3sqaLa6h3bS0xykzrQAADeU
      x-rate-limit-limit:
      - '600'
      x-rate-limit-remaining:
      - '571'
      x-rate-limit-reset:
      - '1645454079'
      x-xss-protection:
      - '0'
    status:
      code: 200
      message: OK
    url: https://test.okta.com/api/v1/brands/bnd8cxvskK3NpqF6H0w6/templates/email/welcome/customizations/oel8qylaj8wqHe4og0w6/preview
- request:
    body: null
    headers:
      Accept:
      - application/json
      Authorization:
      - SSWS myAPIToken
      Content-Type:
      - application/json
      User-Agent:
      - okta-sdk-python/2.4.0 python/3.8.2 Darwin/20.6.0
    method: GET
    uri: https://test.okta.com/api/v1/brands/bnd8cxvskK3NpqF6H0w6/templates/email/welcome/default-content
  response:
    body:
      string: '{"subject":"Welcome to Okta!","body":"<!DOCTYPE html PUBLIC \"-//W3C//DTD
        HTML 4.01//EN\" \"http://www.w3.org/TR/html4/strict.dtd\">\n<html>\n<head>\n    <meta
        http-equiv=\"Content-Type\" content=\"text/html; charset=UTF-8\">\n</head>\n<body>\n<div
        style=\"background-color: ${brand.theme.secondaryColor}; margin: 0\">\n    <table
        style=\"font-family: ''Proxima Nova'', ''Century Gothic'', Arial, Verdana,
        sans-serif; font-size: 14px; color: #5e5e5e; width:98%; max-width: 600px;
        float: none; margin: 0 auto;\" border=\"0\" cellpadding=\"0\" cellspacing=\"0\"
        valign=\"top\" align=\"left\">\n        <tr align=\"middle\"><td style=\"padding-top:
        30px; padding-bottom: 32px;\"><img src=\"${brand.theme.logo}\" height=\"37\"></td></tr>\n        <tr
        bgcolor=\"#ffffff\"><td>\n            <table bgcolor=\"#ffffff\" style=\"width:
        100%; line-height: 20px; padding: 32px; border: 1px solid; border-color: #f0f0f0;\"
        cellpadding=\"0\">\n                <tr>\n                    <td style=\"color:
        #5e5e5e; font-size: 22px; line-height: 22px;\">\n                        ${org.name}
        - Welcome to Okta!\n                    </td>\n                </tr>\n                <tr>\n                    <td
        style=\"padding-top: 24px; vertical-align: bottom;\">\n                        Hi
        $!{StringTool.escapeHtml($!{user.profile.firstName})},\n                    </td>\n                </tr>\n                <tr>\n                    <td
        style=\"padding-top: 24px\">\n                        Your organization is
        using Okta to manage your web applications. This means you can conveniently
        access all the applications you normally use, through a single, secure home
        page. Watch this short video to learn more: <a href=\"https://www.okta.com/intro-to-okta/\"
        style=\"color: #007dc1; text-decoration: none;\"><span style=\"color: #007dc1;
        text-decoration: none;\">https://www.okta.com/intro-to-okta/</span></a>\n                    </td>\n                </tr>\n                <tr>\n                    <td
        style=\"padding-top: 24px;\">\n                        Your system administrator
        has created an Okta user account for you.<br/>\n                        <strong>Click
        the following link to activate your Okta account:</strong>\n                    </td>\n                </tr>\n                <tr>\n                    <td
        align=\"center\">\n                        <table border=\"0\" cellpadding=\"0\"
        cellspacing=\"0\" valign=\"top\">\n                            <tr>\n                                <td
        align=\"center\" style=\"height: 39px; padding-top: 24px; padding-bottom:
        8px;\"><a id=\"reset-password-link\" href=\"${activationLink}\" style=\"text-decoration:
        none;\"><span style=\"display: block; padding: 9px 32px 7px 31px; border:
        1px solid; text-align: center; cursor: pointer; color: #fff; border-radius:
        3px; background-color: ${brand.theme.primaryColor}; border-color: ${brand.theme.primaryColor};
        box-shadow: ${brand.theme.primaryColor} 0 1px 0;\">Activate Okta Account</span></a>\n                                </td>\n                            </tr>\n                            <tr>\n                                <td
        align=\"center\" style=\"color: #999;\">\n                                    This
        link expires in ${f.formatTimeDiffHoursNowInUserLocale(${org.activationTokenExpirationHours})}.\n                                </td>\n                            </tr>\n                        </table>\n                    </td>\n                </tr>\n                <tr>\n                    <td
        style=\"padding-top: 24px;\">\n                        Your username is <strong>${user.profile.login}</strong><br/>\n                        Your
        organization''s sign-in page is <a href=\"${baseURL}\" style=\"color: #007dc1;
        text-decoration: none;\"><span style=\"color: #007dc1; text-decoration: none;\">${baseURL}</span></a>\n                    </td>\n                </tr>\n                <tr>\n                    <td
        style=\"padding-top: 24px;\">\n                        If you experience difficulties
        accessing your account, you can send a help request to your system administrator
        using the link: <a href=\"${baseURL}/help/login\" style=\"color: #007dc1;
        text-decoration: none;\"><span style=\"color: #007dc1; text-decoration: none;\">${baseURL}/help/login</span></a>\n                    </td>\n                </tr>\n            </table>\n        </td></tr>\n        <tr>\n            <td
        style=\"font-size: 12px; padding: 16px 0 30px 50px; color: #999;\">\n                This
        is an automatically generated message from <a href=\"https://www.okta.com\"
        style=\"color: rgb(97,97,97);\">Okta</a>. Replies are not monitored or answered.\n            </td>\n        </tr>\n    </table>\n</div>\n</body>\n</html>\n","_links":{"preview":{"href":"https://test.okta.com/api/v1/brands/bnd8cxvskK3NpqF6H0w6/templates/email/welcome/default-content/preview","hints":{"allow":["GET"]}},"template":{"href":"https://test.okta.com/api/v1/brands/bnd8cxvskK3NpqF6H0w6/templates/email/welcome","hints":{"allow":["GET"]}},"self":{"href":"https://test.okta.com/api/v1/brands/bnd8cxvskK3NpqF6H0w6/templates/email/welcome/default-content","hints":{"allow":["GET"]}}}}'
    headers:
      Cache-Control:
      - no-cache, no-store
      Connection:
      - keep-alive
      Content-Encoding:
      - gzip
      Content-Type:
      - application/json
      Date:
      - Mon, 21 Feb 2022 14:34:07 GMT
      Expires:
      - '0'
      Pragma:
      - no-cache
      Public-Key-Pins-Report-Only:
      - pin-sha256="MAbZWK1eIklkAxEkc7uqoZ/QX3cgLZT0HY5TRG1JXrs="; pin-sha256="PJ1QGTlW5ViFNhswMsYKp4X8C7KdG8nDW4ZcXLmYMyI=";
        pin-sha256="5LlRWGTBVjpfNXXU5T7cYVUbOSPcgpMgdjaWd/R9Leg="; pin-sha256="lpaMLlEsp7/dVZoeWt3f9ciJIMGimixAIaKNsn9/bCY=";
        max-age=60; report-uri="https://okta.report-uri.com/r/default/hpkp/reportOnly"
      Server:
      - nginx
      Set-Cookie:
      - sid=""; Expires=Thu, 01-Jan-1970 00:00:10 GMT; Path=/
      - autolaunch_triggered=""; Expires=Thu, 01-Jan-1970 00:00:10 GMT; Path=/
      - JSESSIONID=6D07DFECF82ED030E47FDDDD73C0ECE3; Path=/; Secure; HttpOnly
      Strict-Transport-Security:
      - max-age=315360000; includeSubDomains
      Transfer-Encoding:
      - chunked
      Vary:
      - Accept-Encoding
      content-security-policy:
      - 'default-src ''self'' test.okta.com *.oktacdn.com; connect-src ''self''
        test.okta.com test-admin.okta.com *.oktacdn.com *.mixpanel.com
        *.mapbox.com app.pendo.io data.pendo.io pendo-static-5634101834153984.storage.googleapis.com
        test.kerberos.okta.com *.authenticatorlocaldev.com:8769 http://localhost:8769
        http://127.0.0.1:8769 *.authenticatorlocaldev.com:65111 http://localhost:65111
        http://127.0.0.1:65111 *.authenticatorlocaldev.com:65121 http://localhost:65121
        http://127.0.0.1:65121 *.authenticatorlocaldev.com:65131 http://localhost:65131
        http://127.0.0.1:65131 *.authenticatorlocaldev.com:65141 http://localhost:65141
        http://127.0.0.1:65141 *.authenticatorlocaldev.com:65151 http://localhost:65151
        http://127.0.0.1:65151 https://oinmanager.okta.com data:; script-src
        ''unsafe-inline'' ''unsafe-eval'' ''self'' test.okta.com *.oktacdn.com;
        style-src ''unsafe-inline'' ''self'' test.okta.com *.oktacdn.com
        app.pendo.io cdn.pendo.io pendo-static-5634101834153984.storage.googleapis.com;
        frame-src ''self'' test.okta.com test-admin.okta.com login.okta.com
        com-okta-authenticator:; img-src ''self'' test.okta.com *.oktacdn.com
        *.tiles.mapbox.com *.mapbox.com app.pendo.io data.pendo.io cdn.pendo.io pendo-static-5634101834153984.storage.googleapis.com
        data: blob:; font-src ''self'' test.okta.com data: *.oktacdn.com
        fonts.gstatic.com; frame-ancestors ''self''; report-uri https://okta.report-uri.com/r/d/csp/enforce;
        report-to csp'
      expect-ct:
      - report-uri="https://oktaexpectct.report-uri.com/r/t/ct/reportOnly", max-age=0
      p3p:
      - CP="HONK"
      report-to:
      - '{"group":"csp","max_age":31536000,"endpoints":[{"url":"https://okta.report-uri.com/a/d/g"}],"include_subdomains":true}'
      x-content-type-options:
      - nosniff
      x-okta-request-id:
      - YhOi38TxjJbD1HvTqWfJRAAAC@E
      x-rate-limit-limit:
      - '600'
      x-rate-limit-remaining:
      - '570'
      x-rate-limit-reset:
      - '1645454079'
      x-xss-protection:
      - '0'
    status:
      code: 200
      message: OK
    url: https://test.okta.com/api/v1/brands/bnd8cxvskK3NpqF6H0w6/templates/email/welcome/default-content
- request:
    body: null
    headers:
      Accept:
      - application/json
      Authorization:
      - SSWS myAPIToken
      Content-Type:
      - application/json
      User-Agent:
      - okta-sdk-python/2.4.0 python/3.8.2 Darwin/20.6.0
    method: GET
    uri: https://test.okta.com/api/v1/brands/bnd8cxvskK3NpqF6H0w6/templates/email/welcome/default-content/preview
  response:
    body:
      string: '{"subject":"Welcome to Okta!","body":"<!DOCTYPE HTML PUBLIC \"-//W3C//DTD
        HTML 4.01//EN\" \"http://www.w3.org/TR/html4/strict.dtd\">\n<html><head><meta
        http-equiv=\"Content-Type\" content=\"text/html; charset=UTF-8\"></head>\n<body><div><div
        style=\"background-color:#fafafa;margin:0\"> \n  <table style=\"font-family:''proxima
        nova'' , ''century gothic'' , ''arial'' , ''verdana'' , sans-serif;font-size:14px;color:#5e5e5e;width:98%;max-width:600px;float:none;margin:0
        auto\" border=\"0\" cellpadding=\"0\" cellspacing=\"0\" valign=\"top\" align=\"left\">\n    <tbody>\n      <tr
        align=\"middle\">\n        <td style=\"padding-top:30px;padding-bottom:32px\"><img
        src=\"https://tc2static.oktacdn.com/assets/img/logos/okta-logo.47066819ac7db5c13f4c431b2687cef6.png\"
        height=\"37\" /></td>\n      </tr>\n      <tr bgcolor=\"#ffffff\">\n        <td>
        \n          <table bgcolor=\"#ffffff\" style=\"width:100%;line-height:20px;padding:32px;border:1px
        solid;border-color:#f0f0f0\" cellpadding=\"0\">\n            <tbody>\n              <tr>\n                <td
        style=\"color:#5e5e5e;font-size:22px;line-height:22px\"> test - Welcome
        to Okta! </td>\n              </tr>\n              <tr>\n                <td
        style=\"padding-top:24px;vertical-align:bottom\"> Hi John, </td>\n              </tr>\n              <tr>\n                <td
        style=\"padding-top:24px\"> Your organization is using Okta to manage your
        web applications. This means you can conveniently access all the applications
        you normally use, through a single, secure home page. Watch this short video
        to learn more: <a href=\"https://www.okta.com/intro-to-okta/\" style=\"color:#007dc1;text-decoration:none\"><span
        style=\"color:#007dc1;text-decoration:none\">https://www.okta.com/intro-to-okta/</span></a>
        </td>\n              </tr>\n              <tr>\n                <td style=\"padding-top:24px\">
        Your system administrator has created an Okta user account for you.<br />
        <strong>Click the following link to activate your Okta account:</strong> </td>\n              </tr>\n              <tr>\n                <td
        align=\"center\"> \n                  <table border=\"0\" cellpadding=\"0\"
        cellspacing=\"0\" valign=\"top\">\n                    <tbody>\n                      <tr>\n                        <td
        align=\"center\" style=\"height:39px;padding-top:24px;padding-bottom:8px\"><a
        id=\"reset-password-link\" href=\"%28activationLink%20Placeholder%29\" style=\"text-decoration:none\"><span
        style=\"display:block;padding:9px 32px 7px 31px;border:1px solid;text-align:center;cursor:pointer;color:#fff;border-radius:3px;background-color:#44bc98;border-color:#44bc98;box-shadow:#44bc98
        0 1px 0\">Activate Okta Account</span></a> </td>\n                      </tr>\n                      <tr>\n                        <td
        align=\"center\" style=\"color:#999\"> This link expires in 7 days. </td>\n                      </tr>\n                    </tbody>\n                  </table>
        </td>\n              </tr>\n              <tr>\n                <td style=\"padding-top:24px\">
        Your username is <strong>John.Doe@okta.com</strong><br /> Your organization''s
        sign-in page is <a href=\"https://test.okta.com\" style=\"color:#007dc1;text-decoration:none\"><span
        style=\"color:#007dc1;text-decoration:none\">https://test.okta.com</span></a>
        </td>\n              </tr>\n              <tr>\n                <td style=\"padding-top:24px\">
        If you experience difficulties accessing your account, you can send a help
        request to your system administrator using the link: <a href=\"https://test.okta.com/help/login\"
        style=\"color:#007dc1;text-decoration:none\"><span style=\"color:#007dc1;text-decoration:none\">https://test.okta.com/help/login</span></a>
        </td>\n              </tr>\n            </tbody>\n          </table> </td>\n      </tr>\n      <tr>\n        <td
        style=\"font-size:12px;padding:16px 0 30px 50px;color:#999\"> This is an automatically
        generated message from <a href=\"https://www.okta.com\" style=\"color:rgb(
        97 , 97 , 97 )\">Okta</a>. Replies are not monitored or answered. </td>\n      </tr>\n    </tbody>\n  </table>
        \n</div></div></body></html>","_links":{"template":{"href":"https://test.okta.com/api/v1/brands/bnd8cxvskK3NpqF6H0w6/templates/email/welcome","hints":{"allow":["GET"]}},"self":{"href":"https://test.okta.com/api/v1/brands/bnd8cxvskK3NpqF6H0w6/templates/email/welcome/default-content/preview","hints":{"allow":["GET"]}},"defaultContent":{"href":"https://test.okta.com/api/v1/brands/bnd8cxvskK3NpqF6H0w6/templates/email/welcome/default-content","hints":{"allow":["GET"]}}}}'
    headers:
      Cache-Control:
      - no-cache, no-store
      Connection:
      - keep-alive
      Content-Encoding:
      - gzip
      Content-Type:
      - application/json
      Date:
      - Mon, 21 Feb 2022 14:34:08 GMT
      Expires:
      - '0'
      Pragma:
      - no-cache
      Public-Key-Pins-Report-Only:
      - pin-sha256="MAbZWK1eIklkAxEkc7uqoZ/QX3cgLZT0HY5TRG1JXrs="; pin-sha256="PJ1QGTlW5ViFNhswMsYKp4X8C7KdG8nDW4ZcXLmYMyI=";
        pin-sha256="5LlRWGTBVjpfNXXU5T7cYVUbOSPcgpMgdjaWd/R9Leg="; pin-sha256="lpaMLlEsp7/dVZoeWt3f9ciJIMGimixAIaKNsn9/bCY=";
        max-age=60; report-uri="https://okta.report-uri.com/r/default/hpkp/reportOnly"
      Server:
      - nginx
      Set-Cookie:
      - sid=""; Expires=Thu, 01-Jan-1970 00:00:10 GMT; Path=/
      - autolaunch_triggered=""; Expires=Thu, 01-Jan-1970 00:00:10 GMT; Path=/
      - JSESSIONID=2794D8E4E33AA5959E87B3E53DBBB56E; Path=/; Secure; HttpOnly
      Strict-Transport-Security:
      - max-age=315360000; includeSubDomains
      Transfer-Encoding:
      - chunked
      Vary:
      - Accept-Encoding
      content-security-policy:
      - 'default-src ''self'' test.okta.com *.oktacdn.com; connect-src ''self''
        test.okta.com test-admin.okta.com *.oktacdn.com *.mixpanel.com
        *.mapbox.com app.pendo.io data.pendo.io pendo-static-5634101834153984.storage.googleapis.com
        test.kerberos.okta.com *.authenticatorlocaldev.com:8769 http://localhost:8769
        http://127.0.0.1:8769 *.authenticatorlocaldev.com:65111 http://localhost:65111
        http://127.0.0.1:65111 *.authenticatorlocaldev.com:65121 http://localhost:65121
        http://127.0.0.1:65121 *.authenticatorlocaldev.com:65131 http://localhost:65131
        http://127.0.0.1:65131 *.authenticatorlocaldev.com:65141 http://localhost:65141
        http://127.0.0.1:65141 *.authenticatorlocaldev.com:65151 http://localhost:65151
        http://127.0.0.1:65151 https://oinmanager.okta.com data:; script-src
        ''unsafe-inline'' ''unsafe-eval'' ''self'' test.okta.com *.oktacdn.com;
        style-src ''unsafe-inline'' ''self'' test.okta.com *.oktacdn.com
        app.pendo.io cdn.pendo.io pendo-static-5634101834153984.storage.googleapis.com;
        frame-src ''self'' test.okta.com test-admin.okta.com login.okta.com
        com-okta-authenticator:; img-src ''self'' test.okta.com *.oktacdn.com
        *.tiles.mapbox.com *.mapbox.com app.pendo.io data.pendo.io cdn.pendo.io pendo-static-5634101834153984.storage.googleapis.com
        data: blob:; font-src ''self'' test.okta.com data: *.oktacdn.com
        fonts.gstatic.com; frame-ancestors ''self''; report-uri https://okta.report-uri.com/r/d/csp/enforce;
        report-to csp'
      expect-ct:
      - report-uri="https://oktaexpectct.report-uri.com/r/t/ct/reportOnly", max-age=0
      p3p:
      - CP="HONK"
      report-to:
      - '{"group":"csp","max_age":31536000,"endpoints":[{"url":"https://okta.report-uri.com/a/d/g"}],"include_subdomains":true}'
      x-content-type-options:
      - nosniff
      x-okta-request-id:
      - YhOi39HUoHUmQURqlnPpnAAAD5c
      x-rate-limit-limit:
      - '600'
      x-rate-limit-remaining:
      - '569'
      x-rate-limit-reset:
      - '1645454079'
      x-xss-protection:
      - '0'
    status:
      code: 200
      message: OK
    url: https://test.okta.com/api/v1/brands/bnd8cxvskK3NpqF6H0w6/templates/email/welcome/default-content/preview
- request:
    body: null
    headers:
      Accept:
      - application/json
      Authorization:
      - SSWS myAPIToken
      Content-Type:
      - application/json
      User-Agent:
      - okta-sdk-python/2.4.0 python/3.8.2 Darwin/20.6.0
    method: DELETE
    uri: https://test.okta.com/api/v1/brands/bnd8cxvskK3NpqF6H0w6/templates/email/welcome/customizations
  response:
    body:
      string: ''
    headers:
      Cache-Control:
      - no-cache, no-store
      Connection:
      - keep-alive
      Date:
      - Mon, 21 Feb 2022 14:34:08 GMT
      Expires:
      - '0'
      Pragma:
      - no-cache
      Public-Key-Pins-Report-Only:
      - pin-sha256="MAbZWK1eIklkAxEkc7uqoZ/QX3cgLZT0HY5TRG1JXrs="; pin-sha256="PJ1QGTlW5ViFNhswMsYKp4X8C7KdG8nDW4ZcXLmYMyI=";
        pin-sha256="5LlRWGTBVjpfNXXU5T7cYVUbOSPcgpMgdjaWd/R9Leg="; pin-sha256="lpaMLlEsp7/dVZoeWt3f9ciJIMGimixAIaKNsn9/bCY=";
        max-age=60; report-uri="https://okta.report-uri.com/r/default/hpkp/reportOnly"
      Server:
      - nginx
      Set-Cookie:
      - sid=""; Expires=Thu, 01-Jan-1970 00:00:10 GMT; Path=/
      - autolaunch_triggered=""; Expires=Thu, 01-Jan-1970 00:00:10 GMT; Path=/
      - JSESSIONID=0C1AD8816744FC4CE6C673BA3B4AA66B; Path=/; Secure; HttpOnly
      Strict-Transport-Security:
      - max-age=315360000; includeSubDomains
      content-security-policy:
      - 'default-src ''self'' test.okta.com *.oktacdn.com; connect-src ''self''
        test.okta.com test-admin.okta.com *.oktacdn.com *.mixpanel.com
        *.mapbox.com app.pendo.io data.pendo.io pendo-static-5634101834153984.storage.googleapis.com
        test.kerberos.okta.com *.authenticatorlocaldev.com:8769 http://localhost:8769
        http://127.0.0.1:8769 *.authenticatorlocaldev.com:65111 http://localhost:65111
        http://127.0.0.1:65111 *.authenticatorlocaldev.com:65121 http://localhost:65121
        http://127.0.0.1:65121 *.authenticatorlocaldev.com:65131 http://localhost:65131
        http://127.0.0.1:65131 *.authenticatorlocaldev.com:65141 http://localhost:65141
        http://127.0.0.1:65141 *.authenticatorlocaldev.com:65151 http://localhost:65151
        http://127.0.0.1:65151 https://oinmanager.okta.com data:; script-src
        ''unsafe-inline'' ''unsafe-eval'' ''self'' test.okta.com *.oktacdn.com;
        style-src ''unsafe-inline'' ''self'' test.okta.com *.oktacdn.com
        app.pendo.io cdn.pendo.io pendo-static-5634101834153984.storage.googleapis.com;
        frame-src ''self'' test.okta.com test-admin.okta.com login.okta.com
        com-okta-authenticator:; img-src ''self'' test.okta.com *.oktacdn.com
        *.tiles.mapbox.com *.mapbox.com app.pendo.io data.pendo.io cdn.pendo.io pendo-static-5634101834153984.storage.googleapis.com
        data: blob:; font-src ''self'' test.okta.com data: *.oktacdn.com
        fonts.gstatic.com; frame-ancestors ''self''; report-uri https://okta.report-uri.com/r/d/csp/enforce;
        report-to csp'
      expect-ct:
      - report-uri="https://oktaexpectct.report-uri.com/r/t/ct/reportOnly", max-age=0
      p3p:
      - CP="HONK"
      report-to:
      - '{"group":"csp","max_age":31536000,"endpoints":[{"url":"https://okta.report-uri.com/a/d/g"}],"include_subdomains":true}'
      x-frame-options:
      - SAMEORIGIN
      x-okta-request-id:
      - YhOi4KJx2XPybkSIgANe@AAABLo
      x-rate-limit-limit:
      - '600'
      x-rate-limit-remaining:
      - '568'
      x-rate-limit-reset:
      - '1645454079'
      x-xss-protection:
      - '0'
    status:
      code: 204
      message: No Content
    url: https://test.okta.com/api/v1/brands/bnd8cxvskK3NpqF6H0w6/templates/email/welcome/customizations
version: 1
