interactions:
- request:
    body: '{"name": "IT-http-inf-138042541673216", "providerType": "APNS", "configuration":
      {"fileName": "test-integration-key.p8", "keyId": "ABC1234567", "teamId": "DEF9876543",
      "tokenSigningKey": "-----BEGIN PRIVATE KEY-----\nMIGHAgEAMBMGByqGSM49AgEGCCqGSM49AwEHBG0wawIBAQQgT4kkhFmOd0LqJLX5\nV/TqazlHg8ECQDIqDu++QR5bI4GhRANCAATTD1Vg7z/NZ5SfqPHsTOloLkqHAHWT\nMDNSnPEZJJ9JtFnMlsKB11Z9VPd+FNoiaaOHONq0ZV9aUQo5qhJ9TCw6\n-----END
      PRIVATE KEY-----"}}'
    headers:
      Accept:
      - application/json
      Authorization:
      - SSWS myAPIToken
      Content-Type:
      - application/json
      User-Agent:
      - OpenAPI-Generator/1.0.0/python
    method: POST
    uri: https://test.okta.com/api/v1/push-providers
  response:
    body:
      string: '{"id":"ppcq9z6hepd4jh65s1d7","providerType":"APNS","name":"IT-http-inf-138042541673216","lastUpdatedDate":"2025-09-22T11:47:51.000Z","configuration":{"fileName":"test-integration-key.p8","teamId":"DEF9876543","keyId":"ABC1234567"},"_links":{"self":{"href":"https://test.okta.com/api/v1/push-providers/ppcq9z6hepd4jh65s1d7","hints":{"allow":["GET","PUT","DELETE"]}}}}'
    headers:
      Cache-Control:
      - no-cache, no-store
      Connection:
      - keep-alive
      Content-Encoding:
      - gzip
      Content-Type:
      - application/json
      Date:
      - Mon, 22 Sep 2025 11:47:52 GMT
      Expires:
      - '0'
      Pragma:
      - no-cache
      Server:
      - nginx
      Set-Cookie:
      - sid="";Version=1;Path=/;Max-Age=0
      - xids="";Version=1;Path=/;Max-Age=0
      - autolaunch_triggered=""; Expires=Thu, 01 Jan 1970 00:00:10 GMT; Path=/
      - activate_ca_modal_triggered=""; Expires=Thu, 01 Jan 1970 00:00:10 GMT; Path=/
      - JSESSIONID=325BFAA53F8A5F9FEE7E5D42AC8F8FD0; Path=/; Secure; HttpOnly
      Strict-Transport-Security:
      - max-age=315360000; includeSubDomains
      Transfer-Encoding:
      - chunked
      Vary:
      - Accept-Encoding
      accept-ch:
      - Sec-CH-UA-Platform-Version
      content-security-policy:
      - 'default-src ''self'' dcp-testing-oig-2025-06-26.oktapreview.com *.oktacdn.com;
        connect-src ''self'' dcp-testing-oig-2025-06-26.oktapreview.com dcp-testing-oig-2025-06-26-admin.oktapreview.com
        *.oktacdn.com *.mixpanel.com *.mapbox.com dcp-testing-oig-2025-06-26.kerberos.oktapreview.com
        dcp-testing-oig-2025-06-26.mtls.oktapreview.com *.authenticatorlocalprod.com:8769
        http://localhost:8769 http://127.0.0.1:8769 *.authenticatorlocalprod.com:65111
        http://localhost:65111 http://127.0.0.1:65111 *.authenticatorlocalprod.com:65121
        http://localhost:65121 http://127.0.0.1:65121 *.authenticatorlocalprod.com:65131
        http://localhost:65131 http://127.0.0.1:65131 *.authenticatorlocalprod.com:65141
        http://localhost:65141 http://127.0.0.1:65141 *.authenticatorlocalprod.com:65151
        http://localhost:65151 http://127.0.0.1:65151 https://oinmanager.okta.com
        data: *.ingest.sentry.io; script-src ''unsafe-inline'' ''self'' ''report-sample''
        dcp-testing-oig-2025-06-26.oktapreview.com *.oktacdn.com; style-src ''unsafe-inline''
        ''self'' ''report-sample'' dcp-testing-oig-2025-06-26.oktapreview.com *.oktacdn.com;
        frame-src ''self'' dcp-testing-oig-2025-06-26.oktapreview.com dcp-testing-oig-2025-06-26-admin.oktapreview.com
        login.okta.com *.vidyard.com com-okta-authenticator:; img-src ''self'' dcp-testing-oig-2025-06-26.oktapreview.com
        *.oktacdn.com *.tiles.mapbox.com *.mapbox.com *.vidyard.com data: blob:; font-src
        ''self'' dcp-testing-oig-2025-06-26.oktapreview.com data: *.oktacdn.com fonts.gstatic.com;
        frame-ancestors ''self'''
      p3p:
      - CP="HONK"
      referrer-policy:
      - strict-origin-when-cross-origin
      x-content-type-options:
      - nosniff
      x-okta-request-id:
      - ecba50e724061b648f029f56abe1565e
      x-rate-limit-limit:
      - '50'
      x-rate-limit-remaining:
      - '40'
      x-rate-limit-reset:
      - '1758541720'
      x-xss-protection:
      - '0'
    status:
      code: 200
      message: OK
- request:
    body: null
    headers:
      Accept:
      - application/json
      Authorization:
      - SSWS myAPIToken
      Content-Type:
      - application/json
      User-Agent:
      - OpenAPI-Generator/1.0.0/python
    method: GET
    uri: https://test.okta.com/api/v1/push-providers/ppcq9z6hepd4jh65s1d7
  response:
    body:
      string: '{"id":"ppcq9z6hepd4jh65s1d7","providerType":"APNS","name":"IT-http-inf-138042541673216","lastUpdatedDate":"2025-09-22T11:47:51.000Z","configuration":{"fileName":"test-integration-key.p8","teamId":"DEF9876543","keyId":"ABC1234567"},"_links":{"self":{"href":"https://test.okta.com/api/v1/push-providers/ppcq9z6hepd4jh65s1d7","hints":{"allow":["GET","PUT","DELETE"]}}}}'
    headers:
      Cache-Control:
      - no-cache, no-store
      Connection:
      - keep-alive
      Content-Encoding:
      - gzip
      Content-Type:
      - application/json
      Date:
      - Mon, 22 Sep 2025 11:47:53 GMT
      Expires:
      - '0'
      Pragma:
      - no-cache
      Server:
      - nginx
      Set-Cookie:
      - sid="";Version=1;Path=/;Max-Age=0
      - xids="";Version=1;Path=/;Max-Age=0
      - autolaunch_triggered=""; Expires=Thu, 01 Jan 1970 00:00:10 GMT; Path=/
      - activate_ca_modal_triggered=""; Expires=Thu, 01 Jan 1970 00:00:10 GMT; Path=/
      - JSESSIONID=EC949165DC2593D3404256D6092A30ED; Path=/; Secure; HttpOnly
      Strict-Transport-Security:
      - max-age=315360000; includeSubDomains
      Transfer-Encoding:
      - chunked
      Vary:
      - Accept-Encoding
      accept-ch:
      - Sec-CH-UA-Platform-Version
      content-security-policy:
      - 'default-src ''self'' dcp-testing-oig-2025-06-26.oktapreview.com *.oktacdn.com;
        connect-src ''self'' dcp-testing-oig-2025-06-26.oktapreview.com dcp-testing-oig-2025-06-26-admin.oktapreview.com
        *.oktacdn.com *.mixpanel.com *.mapbox.com dcp-testing-oig-2025-06-26.kerberos.oktapreview.com
        dcp-testing-oig-2025-06-26.mtls.oktapreview.com *.authenticatorlocalprod.com:8769
        http://localhost:8769 http://127.0.0.1:8769 *.authenticatorlocalprod.com:65111
        http://localhost:65111 http://127.0.0.1:65111 *.authenticatorlocalprod.com:65121
        http://localhost:65121 http://127.0.0.1:65121 *.authenticatorlocalprod.com:65131
        http://localhost:65131 http://127.0.0.1:65131 *.authenticatorlocalprod.com:65141
        http://localhost:65141 http://127.0.0.1:65141 *.authenticatorlocalprod.com:65151
        http://localhost:65151 http://127.0.0.1:65151 https://oinmanager.okta.com
        data: *.ingest.sentry.io; script-src ''unsafe-inline'' ''self'' ''report-sample''
        dcp-testing-oig-2025-06-26.oktapreview.com *.oktacdn.com; style-src ''unsafe-inline''
        ''self'' ''report-sample'' dcp-testing-oig-2025-06-26.oktapreview.com *.oktacdn.com;
        frame-src ''self'' dcp-testing-oig-2025-06-26.oktapreview.com dcp-testing-oig-2025-06-26-admin.oktapreview.com
        login.okta.com *.vidyard.com com-okta-authenticator:; img-src ''self'' dcp-testing-oig-2025-06-26.oktapreview.com
        *.oktacdn.com *.tiles.mapbox.com *.mapbox.com *.vidyard.com data: blob:; font-src
        ''self'' dcp-testing-oig-2025-06-26.oktapreview.com data: *.oktacdn.com fonts.gstatic.com;
        frame-ancestors ''self'''
      p3p:
      - CP="HONK"
      referrer-policy:
      - strict-origin-when-cross-origin
      x-content-type-options:
      - nosniff
      x-okta-request-id:
      - cc6acec343c9dc00884fbc9a85afd9e0
      x-rate-limit-limit:
      - '50'
      x-rate-limit-remaining:
      - '39'
      x-rate-limit-reset:
      - '1758541720'
      x-xss-protection:
      - '0'
    status:
      code: 200
      message: OK
- request:
    body: null
    headers:
      Accept:
      - application/json
      Authorization:
      - SSWS myAPIToken
      Content-Type:
      - application/json
      User-Agent:
      - OpenAPI-Generator/1.0.0/python
    method: GET
    uri: https://test.okta.com/api/v1/push-providers
  response:
    body:
      string: '[{"id":"ppcq9z6hepd4jh65s1d7","providerType":"APNS","name":"IT-http-inf-138042541673216","lastUpdatedDate":"2025-09-22T11:47:51.000Z","configuration":{"fileName":"test-integration-key.p8","teamId":"DEF9876543","keyId":"ABC1234567"},"_links":{"self":{"href":"https://test.okta.com/api/v1/push-providers/ppcq9z6hepd4jh65s1d7","hints":{"allow":["GET","PUT","DELETE"]}}}}]'
    headers:
      Cache-Control:
      - no-cache, no-store
      Connection:
      - keep-alive
      Content-Encoding:
      - gzip
      Content-Type:
      - application/json
      Date:
      - Mon, 22 Sep 2025 11:47:54 GMT
      Expires:
      - '0'
      Pragma:
      - no-cache
      Server:
      - nginx
      Set-Cookie:
      - sid="";Version=1;Path=/;Max-Age=0
      - xids="";Version=1;Path=/;Max-Age=0
      - autolaunch_triggered=""; Expires=Thu, 01 Jan 1970 00:00:10 GMT; Path=/
      - activate_ca_modal_triggered=""; Expires=Thu, 01 Jan 1970 00:00:10 GMT; Path=/
      - JSESSIONID=21486044534135B31A13AF253BF54DEA; Path=/; Secure; HttpOnly
      Strict-Transport-Security:
      - max-age=315360000; includeSubDomains
      Transfer-Encoding:
      - chunked
      Vary:
      - Accept-Encoding
      accept-ch:
      - Sec-CH-UA-Platform-Version
      content-security-policy:
      - 'default-src ''self'' dcp-testing-oig-2025-06-26.oktapreview.com *.oktacdn.com;
        connect-src ''self'' dcp-testing-oig-2025-06-26.oktapreview.com dcp-testing-oig-2025-06-26-admin.oktapreview.com
        *.oktacdn.com *.mixpanel.com *.mapbox.com dcp-testing-oig-2025-06-26.kerberos.oktapreview.com
        dcp-testing-oig-2025-06-26.mtls.oktapreview.com *.authenticatorlocalprod.com:8769
        http://localhost:8769 http://127.0.0.1:8769 *.authenticatorlocalprod.com:65111
        http://localhost:65111 http://127.0.0.1:65111 *.authenticatorlocalprod.com:65121
        http://localhost:65121 http://127.0.0.1:65121 *.authenticatorlocalprod.com:65131
        http://localhost:65131 http://127.0.0.1:65131 *.authenticatorlocalprod.com:65141
        http://localhost:65141 http://127.0.0.1:65141 *.authenticatorlocalprod.com:65151
        http://localhost:65151 http://127.0.0.1:65151 https://oinmanager.okta.com
        data: *.ingest.sentry.io; script-src ''unsafe-inline'' ''self'' ''report-sample''
        dcp-testing-oig-2025-06-26.oktapreview.com *.oktacdn.com; style-src ''unsafe-inline''
        ''self'' ''report-sample'' dcp-testing-oig-2025-06-26.oktapreview.com *.oktacdn.com;
        frame-src ''self'' dcp-testing-oig-2025-06-26.oktapreview.com dcp-testing-oig-2025-06-26-admin.oktapreview.com
        login.okta.com *.vidyard.com com-okta-authenticator:; img-src ''self'' dcp-testing-oig-2025-06-26.oktapreview.com
        *.oktacdn.com *.tiles.mapbox.com *.mapbox.com *.vidyard.com data: blob:; font-src
        ''self'' dcp-testing-oig-2025-06-26.oktapreview.com data: *.oktacdn.com fonts.gstatic.com;
        frame-ancestors ''self'''
      p3p:
      - CP="HONK"
      referrer-policy:
      - strict-origin-when-cross-origin
      x-content-type-options:
      - nosniff
      x-okta-request-id:
      - 3f132e6228c6ff1c438167ca76453701
      x-rate-limit-limit:
      - '50'
      x-rate-limit-remaining:
      - '38'
      x-rate-limit-reset:
      - '1758541720'
      x-xss-protection:
      - '0'
    status:
      code: 200
      message: OK
- request:
    body: '{"id": "ppcq9z6hepd4jh65s1d7", "lastUpdatedDate": "2025-09-22T11:47:51.000Z",
      "name": "IT-http-inf-138042541673216-HTTP-UPDATED", "providerType": "APNS",
      "_links": {"self": {"hints": {"allow": ["GET", "PUT", "DELETE"]}, "href": "https://dcp-testing-oig-2025-06-26.oktapreview.com/api/v1/push-providers/ppcq9z6hepd4jh65s1d7"}},
      "configuration": {"fileName": "test-integration-key.p8", "keyId": "ABC1234567",
      "teamId": "DEF9876543"}}'
    headers:
      Accept:
      - application/json
      Authorization:
      - SSWS myAPIToken
      Content-Type:
      - application/json
      User-Agent:
      - OpenAPI-Generator/1.0.0/python
    method: PUT
    uri: https://test.okta.com/api/v1/push-providers/ppcq9z6hepd4jh65s1d7
  response:
    body:
      string: '{"id":"ppcq9z6hepd4jh65s1d7","providerType":"APNS","name":"IT-http-inf-138042541673216-HTTP-UPDATED","lastUpdatedDate":"2025-09-22T11:47:55.000Z","configuration":{"fileName":"test-integration-key.p8","teamId":"DEF9876543","keyId":"ABC1234567"},"_links":{"self":{"href":"https://test.okta.com/api/v1/push-providers/ppcq9z6hepd4jh65s1d7","hints":{"allow":["GET","PUT","DELETE"]}}}}'
    headers:
      Cache-Control:
      - no-cache, no-store
      Connection:
      - keep-alive
      Content-Encoding:
      - gzip
      Content-Type:
      - application/json
      Date:
      - Mon, 22 Sep 2025 11:47:55 GMT
      Expires:
      - '0'
      Pragma:
      - no-cache
      Server:
      - nginx
      Set-Cookie:
      - sid="";Version=1;Path=/;Max-Age=0
      - xids="";Version=1;Path=/;Max-Age=0
      - autolaunch_triggered=""; Expires=Thu, 01 Jan 1970 00:00:10 GMT; Path=/
      - activate_ca_modal_triggered=""; Expires=Thu, 01 Jan 1970 00:00:10 GMT; Path=/
      - JSESSIONID=9B866EE09674957CE8200D4ACDB03141; Path=/; Secure; HttpOnly
      Strict-Transport-Security:
      - max-age=315360000; includeSubDomains
      Transfer-Encoding:
      - chunked
      Vary:
      - Accept-Encoding
      accept-ch:
      - Sec-CH-UA-Platform-Version
      content-security-policy:
      - 'default-src ''self'' dcp-testing-oig-2025-06-26.oktapreview.com *.oktacdn.com;
        connect-src ''self'' dcp-testing-oig-2025-06-26.oktapreview.com dcp-testing-oig-2025-06-26-admin.oktapreview.com
        *.oktacdn.com *.mixpanel.com *.mapbox.com dcp-testing-oig-2025-06-26.kerberos.oktapreview.com
        dcp-testing-oig-2025-06-26.mtls.oktapreview.com *.authenticatorlocalprod.com:8769
        http://localhost:8769 http://127.0.0.1:8769 *.authenticatorlocalprod.com:65111
        http://localhost:65111 http://127.0.0.1:65111 *.authenticatorlocalprod.com:65121
        http://localhost:65121 http://127.0.0.1:65121 *.authenticatorlocalprod.com:65131
        http://localhost:65131 http://127.0.0.1:65131 *.authenticatorlocalprod.com:65141
        http://localhost:65141 http://127.0.0.1:65141 *.authenticatorlocalprod.com:65151
        http://localhost:65151 http://127.0.0.1:65151 https://oinmanager.okta.com
        data: *.ingest.sentry.io; script-src ''unsafe-inline'' ''self'' ''report-sample''
        dcp-testing-oig-2025-06-26.oktapreview.com *.oktacdn.com; style-src ''unsafe-inline''
        ''self'' ''report-sample'' dcp-testing-oig-2025-06-26.oktapreview.com *.oktacdn.com;
        frame-src ''self'' dcp-testing-oig-2025-06-26.oktapreview.com dcp-testing-oig-2025-06-26-admin.oktapreview.com
        login.okta.com *.vidyard.com com-okta-authenticator:; img-src ''self'' dcp-testing-oig-2025-06-26.oktapreview.com
        *.oktacdn.com *.tiles.mapbox.com *.mapbox.com *.vidyard.com data: blob:; font-src
        ''self'' dcp-testing-oig-2025-06-26.oktapreview.com data: *.oktacdn.com fonts.gstatic.com;
        frame-ancestors ''self'''
      p3p:
      - CP="HONK"
      referrer-policy:
      - strict-origin-when-cross-origin
      x-content-type-options:
      - nosniff
      x-okta-request-id:
      - 433d75b44585359561b880a224941a8b
      x-rate-limit-limit:
      - '50'
      x-rate-limit-remaining:
      - '37'
      x-rate-limit-reset:
      - '1758541720'
      x-xss-protection:
      - '0'
    status:
      code: 200
      message: OK
- request:
    body: null
    headers:
      Accept:
      - application/json
      Authorization:
      - SSWS myAPIToken
      Content-Type:
      - application/json
      User-Agent:
      - OpenAPI-Generator/1.0.0/python
    method: DELETE
    uri: https://test.okta.com/api/v1/push-providers/ppcq9z6hepd4jh65s1d7
  response:
    body:
      string: ''
    headers:
      Cache-Control:
      - no-cache, no-store
      Connection:
      - keep-alive
      Date:
      - Mon, 22 Sep 2025 11:47:57 GMT
      Expires:
      - '0'
      Pragma:
      - no-cache
      Server:
      - nginx
      Set-Cookie:
      - sid="";Version=1;Path=/;Max-Age=0
      - xids="";Version=1;Path=/;Max-Age=0
      - autolaunch_triggered=""; Expires=Thu, 01 Jan 1970 00:00:10 GMT; Path=/
      - activate_ca_modal_triggered=""; Expires=Thu, 01 Jan 1970 00:00:10 GMT; Path=/
      - JSESSIONID=C4904642A19EE3AEDE5A53F4C337492E; Path=/; Secure; HttpOnly
      Strict-Transport-Security:
      - max-age=315360000; includeSubDomains
      accept-ch:
      - Sec-CH-UA-Platform-Version
      content-security-policy:
      - 'default-src ''self'' dcp-testing-oig-2025-06-26.oktapreview.com *.oktacdn.com;
        connect-src ''self'' dcp-testing-oig-2025-06-26.oktapreview.com dcp-testing-oig-2025-06-26-admin.oktapreview.com
        *.oktacdn.com *.mixpanel.com *.mapbox.com dcp-testing-oig-2025-06-26.kerberos.oktapreview.com
        dcp-testing-oig-2025-06-26.mtls.oktapreview.com *.authenticatorlocalprod.com:8769
        http://localhost:8769 http://127.0.0.1:8769 *.authenticatorlocalprod.com:65111
        http://localhost:65111 http://127.0.0.1:65111 *.authenticatorlocalprod.com:65121
        http://localhost:65121 http://127.0.0.1:65121 *.authenticatorlocalprod.com:65131
        http://localhost:65131 http://127.0.0.1:65131 *.authenticatorlocalprod.com:65141
        http://localhost:65141 http://127.0.0.1:65141 *.authenticatorlocalprod.com:65151
        http://localhost:65151 http://127.0.0.1:65151 https://oinmanager.okta.com
        data: *.ingest.sentry.io; script-src ''unsafe-inline'' ''self'' ''report-sample''
        dcp-testing-oig-2025-06-26.oktapreview.com *.oktacdn.com; style-src ''unsafe-inline''
        ''self'' ''report-sample'' dcp-testing-oig-2025-06-26.oktapreview.com *.oktacdn.com;
        frame-src ''self'' dcp-testing-oig-2025-06-26.oktapreview.com dcp-testing-oig-2025-06-26-admin.oktapreview.com
        login.okta.com *.vidyard.com com-okta-authenticator:; img-src ''self'' dcp-testing-oig-2025-06-26.oktapreview.com
        *.oktacdn.com *.tiles.mapbox.com *.mapbox.com *.vidyard.com data: blob:; font-src
        ''self'' dcp-testing-oig-2025-06-26.oktapreview.com data: *.oktacdn.com fonts.gstatic.com;
        frame-ancestors ''self'''
      p3p:
      - CP="HONK"
      referrer-policy:
      - strict-origin-when-cross-origin
      x-frame-options:
      - SAMEORIGIN
      x-okta-request-id:
      - 45d93fdd0a88ca018603a401a2d515b0
      x-rate-limit-limit:
      - '50'
      x-rate-limit-remaining:
      - '36'
      x-rate-limit-reset:
      - '1758541720'
      x-xss-protection:
      - '0'
    status:
      code: 204
      message: No Content
version: 1
