interactions:
- request:
    body: null
    headers:
      Accept:
      - application/json
      Authorization:
      - SSWS myAPIToken
      Content-Type:
      - application/json
      User-Agent:
      - okta-sdk-python/1.0.0-alpha.1 python/3.8.3 Darwin/18.7.0
    method: POST
    uri: https://test.okta.com/api/v1/users/?activate=True
  response:
    body:
      string: '{"id":"00usfdd3qe32hVMJL4x6","status":"ACTIVE","created":"2020-08-27T18:19:37.000Z","activated":"2020-08-27T18:19:38.000Z","statusChanged":"2020-08-27T18:19:38.000Z","lastLogin":null,"lastUpdated":"2020-08-27T18:19:38.000Z","passwordChanged":"2020-08-27T18:19:38.000Z","type":{"id":"otyc04qb2rUDcq2YA4x6"},"profile":{"firstName":"John","lastName":"Doe-Expire-PW-URL","mobilePhone":null,"secondEmail":null,"login":"John.Doe-Expire-PW-URL@example.com","email":"John.Doe-Expire-PW-URL@example.com"},"credentials":{"password":{},"emails":[{"value":"John.Doe-Expire-PW-URL@example.com","status":"VERIFIED","type":"PRIMARY"}],"provider":{"type":"OKTA","name":"OKTA"}},"_links":{"suspend":{"href":"https://test.okta.com/api/v1/users/00usfdd3qe32hVMJL4x6/lifecycle/suspend","method":"POST"},"schema":{"href":"https://test.okta.com/api/v1/meta/schemas/user/oscc04qb2rUDcq2YA4x6"},"resetPassword":{"href":"https://test.okta.com/api/v1/users/00usfdd3qe32hVMJL4x6/lifecycle/reset_password","method":"POST"},"expirePassword":{"href":"https://test.okta.com/api/v1/users/00usfdd3qe32hVMJL4x6/lifecycle/expire_password","method":"POST"},"changeRecoveryQuestion":{"href":"https://test.okta.com/api/v1/users/00usfdd3qe32hVMJL4x6/credentials/change_recovery_question","method":"POST"},"self":{"href":"https://test.okta.com/api/v1/users/00usfdd3qe32hVMJL4x6"},"type":{"href":"https://test.okta.com/api/v1/meta/types/user/otyc04qb2rUDcq2YA4x6"},"changePassword":{"href":"https://test.okta.com/api/v1/users/00usfdd3qe32hVMJL4x6/credentials/change_password","method":"POST"},"deactivate":{"href":"https://test.okta.com/api/v1/users/00usfdd3qe32hVMJL4x6/lifecycle/deactivate","method":"POST"}}}'
    headers:
      Connection: keep-alive
      Content-Encoding: gzip
      Content-Type: application/json;charset=UTF-8
      Date: Thu, 27 Aug 2020 18:19:38 GMT
      Public-Key-Pins-Report-Only: pin-sha256="r5EfzZxQVvQpKo3AgYRaT7X2bDO/kj3ACwmxfdT2zt8=";
        pin-sha256="MaqlcUgk2mvY/RFSGeSwBRkI+rZ6/dxe/DuQfBT/vnQ="; pin-sha256="72G5IEvDEWn+EThf3qjR7/bQSWaS2ZSLqolhnO6iyJI=";
        pin-sha256="rrV6CLCCvqnk89gWibYT0JO6fNQ8cCit7GGoiVTjCOg="; max-age=60; report-uri="https://okta.report-uri.com/r/default/hpkp/reportOnly"
      Server: nginx
      Strict-Transport-Security: max-age=315360000; includeSubDomains
      Transfer-Encoding: chunked
      Vary: Accept-Encoding
      cache-control: no-cache, no-store
      content-security-policy-report-only: 'default-src ''self'' *.oktacdn.com test.okta.com;
        connect-src ''self'' *.oktacdn.com *.mixpanel.com *.mapbox.com app.pendo.io
        data.pendo.io pendo-static-5634101834153984.storage.googleapis.com test.okta.com
        test-admin.okta.com https://oinmanager.okta.com data:; script-src ''unsafe-inline''
        ''unsafe-eval'' ''self'' *.oktacdn.com; style-src ''unsafe-inline'' ''self''
        *.oktacdn.com app.pendo.io cdn.pendo.io pendo-static-5634101834153984.storage.googleapis.com;
        frame-src ''self'' login.okta.com test.okta.com test-admin.okta.com; img-src
        ''self'' *.oktacdn.com test.okta.com *.tiles.mapbox.com *.mapbox.com app.pendo.io
        data.pendo.io cdn.pendo.io pendo-static-5634101834153984.storage.googleapis.com
        data: blob:; font-src data: ''self'' *.oktacdn.com fonts.gstatic.com; report-uri
        https://example.com/csp/reportOnly; report-to csp-report'
      expires: '0'
      p3p: CP="HONK"
      pragma: no-cache
      report-to: '{"group":"csp-report","max_age":31536000,"endpoints":[{"url":"https://example.com/csp/reportOnly"}],"include_subdomains":true}'
      set-cookie: JSESSIONID=F65C3C76C68DE5D4ADEE087E20D35729; Path=/; Secure; HttpOnly
      x-content-type-options: nosniff
      x-okta-request-id: X0f5OXFnmflJ3upXTv4vCAAAA-Y
      x-rate-limit-limit: '600'
      x-rate-limit-remaining: '587'
      x-rate-limit-reset: '1598552424'
      x-xss-protection: 1; mode=block; report=https://okta.report-uri.com/r/d/xss/enforce
    status:
      code: 200
      message: OK
    url: https://test.okta.com/api/v1/users/?activate=True
- request:
    body: null
    headers:
      Accept:
      - application/json
      Authorization:
      - SSWS myAPIToken
      Content-Type:
      - application/json
      User-Agent:
      - okta-sdk-python/1.0.0-alpha.1 python/3.8.3 Darwin/18.7.0
    method: POST
    uri: https://test.okta.com/api/v1/users/00usfdd3qe32hVMJL4x6/lifecycle/expire_password?tempPassword=true
  response:
    body:
      string: '{"tempPassword":"x4HpS7TE"}'
    headers:
      Connection: keep-alive
      Content-Encoding: gzip
      Content-Type: application/json;charset=UTF-8
      Date: Thu, 27 Aug 2020 18:19:38 GMT
      Public-Key-Pins-Report-Only: pin-sha256="r5EfzZxQVvQpKo3AgYRaT7X2bDO/kj3ACwmxfdT2zt8=";
        pin-sha256="MaqlcUgk2mvY/RFSGeSwBRkI+rZ6/dxe/DuQfBT/vnQ="; pin-sha256="72G5IEvDEWn+EThf3qjR7/bQSWaS2ZSLqolhnO6iyJI=";
        pin-sha256="rrV6CLCCvqnk89gWibYT0JO6fNQ8cCit7GGoiVTjCOg="; max-age=60; report-uri="https://okta.report-uri.com/r/default/hpkp/reportOnly"
      Server: nginx
      Strict-Transport-Security: max-age=315360000; includeSubDomains
      Transfer-Encoding: chunked
      Vary: Accept-Encoding
      cache-control: no-cache, no-store
      content-security-policy-report-only: 'default-src ''self'' *.oktacdn.com test.okta.com;
        connect-src ''self'' *.oktacdn.com *.mixpanel.com *.mapbox.com app.pendo.io
        data.pendo.io pendo-static-5634101834153984.storage.googleapis.com test.okta.com
        test-admin.okta.com https://oinmanager.okta.com data:; script-src ''unsafe-inline''
        ''unsafe-eval'' ''self'' *.oktacdn.com; style-src ''unsafe-inline'' ''self''
        *.oktacdn.com app.pendo.io cdn.pendo.io pendo-static-5634101834153984.storage.googleapis.com;
        frame-src ''self'' login.okta.com test.okta.com test-admin.okta.com; img-src
        ''self'' *.oktacdn.com test.okta.com *.tiles.mapbox.com *.mapbox.com app.pendo.io
        data.pendo.io cdn.pendo.io pendo-static-5634101834153984.storage.googleapis.com
        data: blob:; font-src data: ''self'' *.oktacdn.com fonts.gstatic.com; report-uri
        https://example.com/csp/reportOnly; report-to csp-report'
      expires: '0'
      p3p: CP="HONK"
      pragma: no-cache
      report-to: '{"group":"csp-report","max_age":31536000,"endpoints":[{"url":"https://example.com/csp/reportOnly"}],"include_subdomains":true}'
      set-cookie: JSESSIONID=98B4EE07C5562984802D87B25128A3D8; Path=/; Secure; HttpOnly
      x-content-type-options: nosniff
      x-okta-request-id: X0f5Oq43Jt4d6yYfyFZZ2wAAA2U
      x-rate-limit-limit: '600'
      x-rate-limit-remaining: '586'
      x-rate-limit-reset: '1598552424'
      x-xss-protection: 1; mode=block; report=https://okta.report-uri.com/r/d/xss/enforce
    status:
      code: 200
      message: OK
    url: https://test.okta.com/api/v1/users/00usfdd3qe32hVMJL4x6/lifecycle/expire_password?tempPassword=true
- request:
    body: null
    headers:
      Accept:
      - application/json
      Authorization:
      - SSWS myAPIToken
      Content-Type:
      - application/json
      User-Agent:
      - okta-sdk-python/1.0.0-alpha.1 python/3.8.3 Darwin/18.7.0
    method: DELETE
    uri: https://test.okta.com/api/v1/users/00usfdd3qe32hVMJL4x6
  response:
    body:
      string: ''
    headers:
      Connection: keep-alive
      Date: Thu, 27 Aug 2020 18:19:38 GMT
      Public-Key-Pins-Report-Only: pin-sha256="r5EfzZxQVvQpKo3AgYRaT7X2bDO/kj3ACwmxfdT2zt8=";
        pin-sha256="MaqlcUgk2mvY/RFSGeSwBRkI+rZ6/dxe/DuQfBT/vnQ="; pin-sha256="72G5IEvDEWn+EThf3qjR7/bQSWaS2ZSLqolhnO6iyJI=";
        pin-sha256="rrV6CLCCvqnk89gWibYT0JO6fNQ8cCit7GGoiVTjCOg="; max-age=60; report-uri="https://okta.report-uri.com/r/default/hpkp/reportOnly"
      Server: nginx
      Strict-Transport-Security: max-age=315360000; includeSubDomains
      cache-control: no-cache, no-store
      content-security-policy-report-only: 'default-src ''self'' *.oktacdn.com test.okta.com;
        connect-src ''self'' *.oktacdn.com *.mixpanel.com *.mapbox.com app.pendo.io
        data.pendo.io pendo-static-5634101834153984.storage.googleapis.com test.okta.com
        test-admin.okta.com https://oinmanager.okta.com data:; script-src ''unsafe-inline''
        ''unsafe-eval'' ''self'' *.oktacdn.com; style-src ''unsafe-inline'' ''self''
        *.oktacdn.com app.pendo.io cdn.pendo.io pendo-static-5634101834153984.storage.googleapis.com;
        frame-src ''self'' login.okta.com test.okta.com test-admin.okta.com; img-src
        ''self'' *.oktacdn.com test.okta.com *.tiles.mapbox.com *.mapbox.com app.pendo.io
        data.pendo.io cdn.pendo.io pendo-static-5634101834153984.storage.googleapis.com
        data: blob:; font-src data: ''self'' *.oktacdn.com fonts.gstatic.com; report-uri
        https://example.com/csp/reportOnly; report-to csp-report'
      expires: '0'
      p3p: CP="HONK"
      pragma: no-cache
      report-to: '{"group":"csp-report","max_age":31536000,"endpoints":[{"url":"https://example.com/csp/reportOnly"}],"include_subdomains":true}'
      set-cookie: JSESSIONID=CC7248564AB73248B9398928C839FB0F; Path=/; Secure; HttpOnly
      x-frame-options: SAMEORIGIN
      x-okta-request-id: X0f5OjKBJiHtjaP74xcZPgAAANw
      x-rate-limit-limit: '600'
      x-rate-limit-remaining: '588'
      x-rate-limit-reset: '1598552425'
      x-xss-protection: 1; mode=block; report=https://okta.report-uri.com/r/d/xss/enforce
    status:
      code: 204
      message: No Content
    url: https://test.okta.com/api/v1/users/00usfdd3qe32hVMJL4x6
- request:
    body: null
    headers:
      Accept:
      - application/json
      Authorization:
      - SSWS myAPIToken
      Content-Type:
      - application/json
      User-Agent:
      - okta-sdk-python/1.0.0-alpha.1 python/3.8.3 Darwin/18.7.0
    method: DELETE
    uri: https://test.okta.com/api/v1/users/00usfdd3qe32hVMJL4x6
  response:
    body:
      string: ''
    headers:
      Connection: keep-alive
      Date: Thu, 27 Aug 2020 18:19:39 GMT
      Public-Key-Pins-Report-Only: pin-sha256="r5EfzZxQVvQpKo3AgYRaT7X2bDO/kj3ACwmxfdT2zt8=";
        pin-sha256="MaqlcUgk2mvY/RFSGeSwBRkI+rZ6/dxe/DuQfBT/vnQ="; pin-sha256="72G5IEvDEWn+EThf3qjR7/bQSWaS2ZSLqolhnO6iyJI=";
        pin-sha256="rrV6CLCCvqnk89gWibYT0JO6fNQ8cCit7GGoiVTjCOg="; max-age=60; report-uri="https://okta.report-uri.com/r/default/hpkp/reportOnly"
      Server: nginx
      Strict-Transport-Security: max-age=315360000; includeSubDomains
      cache-control: no-cache, no-store
      content-security-policy-report-only: 'default-src ''self'' *.oktacdn.com test.okta.com;
        connect-src ''self'' *.oktacdn.com *.mixpanel.com *.mapbox.com app.pendo.io
        data.pendo.io pendo-static-5634101834153984.storage.googleapis.com test.okta.com
        test-admin.okta.com https://oinmanager.okta.com data:; script-src ''unsafe-inline''
        ''unsafe-eval'' ''self'' *.oktacdn.com; style-src ''unsafe-inline'' ''self''
        *.oktacdn.com app.pendo.io cdn.pendo.io pendo-static-5634101834153984.storage.googleapis.com;
        frame-src ''self'' login.okta.com test.okta.com test-admin.okta.com; img-src
        ''self'' *.oktacdn.com test.okta.com *.tiles.mapbox.com *.mapbox.com app.pendo.io
        data.pendo.io cdn.pendo.io pendo-static-5634101834153984.storage.googleapis.com
        data: blob:; font-src data: ''self'' *.oktacdn.com fonts.gstatic.com; report-uri
        https://example.com/csp/reportOnly; report-to csp-report'
      expires: '0'
      p3p: CP="HONK"
      pragma: no-cache
      report-to: '{"group":"csp-report","max_age":31536000,"endpoints":[{"url":"https://example.com/csp/reportOnly"}],"include_subdomains":true}'
      set-cookie: JSESSIONID=E5E2904E2D85908B6D031C4DB29C8796; Path=/; Secure; HttpOnly
      x-frame-options: SAMEORIGIN
      x-okta-request-id: X0f5O5@uz0vmwTLNYnLNggAAAbs
      x-rate-limit-limit: '600'
      x-rate-limit-remaining: '587'
      x-rate-limit-reset: '1598552425'
      x-xss-protection: 1; mode=block; report=https://okta.report-uri.com/r/d/xss/enforce
    status:
      code: 204
      message: No Content
    url: https://test.okta.com/api/v1/users/00usfdd3qe32hVMJL4x6
version: 1
