interactions:
- request:
    body: null
    headers:
      Accept:
      - application/json
      Authorization:
      - SSWS myAPIToken
      Content-Type:
      - application/json
      User-Agent:
      - okta-sdk-python/1.0.0-alpha.1 python/3.8.3 Darwin/18.7.0
    method: POST
    uri: https://test.okta.com/api/v1/apps
  response:
    body:
      string: '{"id":"0oasfbmddlaXQIxaS4x6","name":"oidc_client","label":"AddOpenIdConnectApp","status":"ACTIVE","lastUpdated":"2020-08-27T18:13:59.000Z","created":"2020-08-27T18:13:59.000Z","accessibility":{"selfService":false,"errorRedirectUrl":null,"loginRedirectUrl":null},"visibility":{"autoSubmitToolbar":false,"hide":{"iOS":true,"web":true},"appLinks":{"oidc_client_link":true}},"features":[],"signOnMode":"OPENID_CONNECT","credentials":{"userNameTemplate":{"template":"${source.login}","type":"BUILT_IN"},"signing":{"kid":"SfJtU0sKQshujd3m6stAbFtzpeGNmXtFH_98Zrp-lyg"},"oauthClient":{"autoKeyRotation":true,"client_id":"testclientid12345","client_secret":"6PT9VO96mgHz7rYt5qz553ygcIFOs3RubiWH7c6H","token_endpoint_auth_method":"client_secret_post"}},"settings":{"app":{},"extendedProperties":null,"notifications":{"vpn":{"network":{"connection":"DISABLED"},"message":null,"helpUrl":null}},"oauthClient":{"client_uri":"https://example.com/client","logo_uri":"https://example.com/assets/images/logo-new.png","redirect_uris":["https://example.com/oauth2/callback","myapp://callback"],"post_logout_redirect_uris":["https://example.com/postlogout","myapp://postlogoutcallback"],"response_types":["token","id_token","code"],"grant_types":["authorization_code","implicit"],"application_type":"native","issuer_mode":"ORG_URL"}},"_links":{"appLinks":[{"name":"oidc_client_link","href":"https://test.okta.com/home/oidc_client/0oasfbmddlaXQIxaS4x6/aln177a159h7Zf52X0g8","type":"text/html"}],"groups":{"href":"https://test.okta.com/api/v1/apps/0oasfbmddlaXQIxaS4x6/groups"},"logo":[{"name":"medium","href":"https://ok11static.oktacdn.com/assets/img/logos/default.6770228fb0dab49a1695ef440a5279bb.png","type":"image/png"}],"users":{"href":"https://test.okta.com/api/v1/apps/0oasfbmddlaXQIxaS4x6/users"},"deactivate":{"href":"https://test.okta.com/api/v1/apps/0oasfbmddlaXQIxaS4x6/lifecycle/deactivate"}}}'
    headers:
      Connection: keep-alive
      Content-Encoding: gzip
      Content-Type: application/json;charset=UTF-8
      Date: Thu, 27 Aug 2020 18:13:59 GMT
      Public-Key-Pins-Report-Only: pin-sha256="r5EfzZxQVvQpKo3AgYRaT7X2bDO/kj3ACwmxfdT2zt8=";
        pin-sha256="MaqlcUgk2mvY/RFSGeSwBRkI+rZ6/dxe/DuQfBT/vnQ="; pin-sha256="72G5IEvDEWn+EThf3qjR7/bQSWaS2ZSLqolhnO6iyJI=";
        pin-sha256="rrV6CLCCvqnk89gWibYT0JO6fNQ8cCit7GGoiVTjCOg="; max-age=60; report-uri="https://okta.report-uri.com/r/default/hpkp/reportOnly"
      Server: nginx
      Strict-Transport-Security: max-age=315360000; includeSubDomains
      Transfer-Encoding: chunked
      Vary: Accept-Encoding
      cache-control: no-cache, no-store
      content-security-policy-report-only: 'default-src ''self'' *.oktacdn.com test.okta.com;
        connect-src ''self'' *.oktacdn.com *.mixpanel.com *.mapbox.com app.pendo.io
        data.pendo.io pendo-static-5634101834153984.storage.googleapis.com test.okta.com
        test-admin.okta.com https://oinmanager.okta.com data:; script-src ''unsafe-inline''
        ''unsafe-eval'' ''self'' *.oktacdn.com; style-src ''unsafe-inline'' ''self''
        *.oktacdn.com app.pendo.io cdn.pendo.io pendo-static-5634101834153984.storage.googleapis.com;
        frame-src ''self'' login.okta.com test.okta.com test-admin.okta.com; img-src
        ''self'' *.oktacdn.com test.okta.com *.tiles.mapbox.com *.mapbox.com app.pendo.io
        data.pendo.io cdn.pendo.io pendo-static-5634101834153984.storage.googleapis.com
        data: blob:; font-src data: ''self'' *.oktacdn.com fonts.gstatic.com; report-uri
        https://okta.report-uri.com/r/d/csp/reportOnly; report-to csp-report'
      expires: '0'
      p3p: CP="HONK"
      pragma: no-cache
      report-to: '{"group":"csp-report","max_age":31536000,"endpoints":[{"url":"https://okta.report-uri.com/r/d/csp/reportOnly"}],"include_subdomains":true}'
      set-cookie: JSESSIONID=6195F84CCDDC8AA2C6B5812DBE9D66E6; Path=/; Secure; HttpOnly
      x-content-type-options: nosniff
      x-okta-request-id: X0f35rxddn@J8v@UC6OViwAAAG0
      x-rate-limit-limit: '100'
      x-rate-limit-remaining: '87'
      x-rate-limit-reset: '1598552087'
      x-xss-protection: 1; mode=block; report=https://okta.report-uri.com/r/d/xss/enforce
    status:
      code: 200
      message: OK
    url: https://test.okta.com/api/v1/apps
- request:
    body: null
    headers:
      Accept:
      - application/json
      Authorization:
      - SSWS myAPIToken
      Content-Type:
      - application/json
      User-Agent:
      - okta-sdk-python/1.0.0-alpha.1 python/3.8.3 Darwin/18.7.0
    method: POST
    uri: https://test.okta.com/api/v1/apps/0oasfbmddlaXQIxaS4x6/lifecycle/deactivate
  response:
    body:
      string: '{}'
    headers:
      Connection: keep-alive
      Content-Encoding: gzip
      Content-Type: application/json;charset=UTF-8
      Date: Thu, 27 Aug 2020 18:13:59 GMT
      Public-Key-Pins-Report-Only: pin-sha256="r5EfzZxQVvQpKo3AgYRaT7X2bDO/kj3ACwmxfdT2zt8=";
        pin-sha256="MaqlcUgk2mvY/RFSGeSwBRkI+rZ6/dxe/DuQfBT/vnQ="; pin-sha256="72G5IEvDEWn+EThf3qjR7/bQSWaS2ZSLqolhnO6iyJI=";
        pin-sha256="rrV6CLCCvqnk89gWibYT0JO6fNQ8cCit7GGoiVTjCOg="; max-age=60; report-uri="https://okta.report-uri.com/r/default/hpkp/reportOnly"
      Server: nginx
      Strict-Transport-Security: max-age=315360000; includeSubDomains
      Transfer-Encoding: chunked
      Vary: Accept-Encoding
      cache-control: no-cache, no-store
      content-security-policy-report-only: 'default-src ''self'' *.oktacdn.com test.okta.com;
        connect-src ''self'' *.oktacdn.com *.mixpanel.com *.mapbox.com app.pendo.io
        data.pendo.io pendo-static-5634101834153984.storage.googleapis.com test.okta.com
        test-admin.okta.com https://oinmanager.okta.com data:; script-src ''unsafe-inline''
        ''unsafe-eval'' ''self'' *.oktacdn.com; style-src ''unsafe-inline'' ''self''
        *.oktacdn.com app.pendo.io cdn.pendo.io pendo-static-5634101834153984.storage.googleapis.com;
        frame-src ''self'' login.okta.com test.okta.com test-admin.okta.com; img-src
        ''self'' *.oktacdn.com test.okta.com *.tiles.mapbox.com *.mapbox.com app.pendo.io
        data.pendo.io cdn.pendo.io pendo-static-5634101834153984.storage.googleapis.com
        data: blob:; font-src data: ''self'' *.oktacdn.com fonts.gstatic.com; report-uri
        https://okta.report-uri.com/r/d/csp/reportOnly; report-to csp-report'
      expires: '0'
      p3p: CP="HONK"
      pragma: no-cache
      report-to: '{"group":"csp-report","max_age":31536000,"endpoints":[{"url":"https://okta.report-uri.com/r/d/csp/reportOnly"}],"include_subdomains":true}'
      set-cookie: JSESSIONID=A0B556F41F813EA45026B95992672A5B; Path=/; Secure; HttpOnly
      x-content-type-options: nosniff
      x-okta-request-id: X0f359IFwyYrh@61aSXx4QAACKY
      x-rate-limit-limit: '100'
      x-rate-limit-remaining: '86'
      x-rate-limit-reset: '1598552087'
      x-xss-protection: 1; mode=block; report=https://okta.report-uri.com/r/d/xss/enforce
    status:
      code: 200
      message: OK
    url: https://test.okta.com/api/v1/apps/0oasfbmddlaXQIxaS4x6/lifecycle/deactivate
- request:
    body: null
    headers:
      Accept:
      - application/json
      Authorization:
      - SSWS myAPIToken
      Content-Type:
      - application/json
      User-Agent:
      - okta-sdk-python/1.0.0-alpha.1 python/3.8.3 Darwin/18.7.0
    method: GET
    uri: https://test.okta.com/api/v1/apps/?filter=status+eq+%22INACTIVE%22
  response:
    body:
      string: '[{"id":"0oasfbmddlaXQIxaS4x6","name":"oidc_client","label":"AddOpenIdConnectApp","status":"INACTIVE","lastUpdated":"2020-08-27T18:13:59.000Z","created":"2020-08-27T18:13:59.000Z","accessibility":{"selfService":false,"errorRedirectUrl":null,"loginRedirectUrl":null},"visibility":{"autoSubmitToolbar":false,"hide":{"iOS":true,"web":true},"appLinks":{"oidc_client_link":true}},"features":[],"signOnMode":"OPENID_CONNECT","credentials":{"userNameTemplate":{"template":"${source.login}","type":"BUILT_IN"},"signing":{"kid":"SfJtU0sKQshujd3m6stAbFtzpeGNmXtFH_98Zrp-lyg"},"oauthClient":{"autoKeyRotation":true,"client_id":"testclientid12345","token_endpoint_auth_method":"client_secret_post"}},"settings":{"app":{},"extendedProperties":null,"notifications":{"vpn":{"network":{"connection":"DISABLED"},"message":null,"helpUrl":null}},"oauthClient":{"client_uri":"https://example.com/client","logo_uri":"https://example.com/assets/images/logo-new.png","redirect_uris":["https://example.com/oauth2/callback","myapp://callback"],"post_logout_redirect_uris":["https://example.com/postlogout","myapp://postlogoutcallback"],"response_types":["token","id_token","code"],"grant_types":["authorization_code","implicit"],"application_type":"native","issuer_mode":"ORG_URL"}},"_links":{"appLinks":[{"name":"oidc_client_link","href":"https://test.okta.com/home/oidc_client/0oasfbmddlaXQIxaS4x6/aln177a159h7Zf52X0g8","type":"text/html"}],"activate":{"href":"https://test.okta.com/api/v1/apps/0oasfbmddlaXQIxaS4x6/lifecycle/activate"},"groups":{"href":"https://test.okta.com/api/v1/apps/0oasfbmddlaXQIxaS4x6/groups"},"logo":[{"name":"medium","href":"https://ok11static.oktacdn.com/assets/img/logos/default.6770228fb0dab49a1695ef440a5279bb.png","type":"image/png"}],"users":{"href":"https://test.okta.com/api/v1/apps/0oasfbmddlaXQIxaS4x6/users"}}}]'
    headers:
      Connection: close
      Content-Encoding: gzip
      Content-Type: application/json;charset=UTF-8
      Date: Thu, 27 Aug 2020 18:14:00 GMT
      Public-Key-Pins-Report-Only: pin-sha256="r5EfzZxQVvQpKo3AgYRaT7X2bDO/kj3ACwmxfdT2zt8=";
        pin-sha256="MaqlcUgk2mvY/RFSGeSwBRkI+rZ6/dxe/DuQfBT/vnQ="; pin-sha256="72G5IEvDEWn+EThf3qjR7/bQSWaS2ZSLqolhnO6iyJI=";
        pin-sha256="rrV6CLCCvqnk89gWibYT0JO6fNQ8cCit7GGoiVTjCOg="; max-age=60; report-uri="https://okta.report-uri.com/r/default/hpkp/reportOnly"
      Server: nginx
      Strict-Transport-Security: max-age=315360000; includeSubDomains
      Transfer-Encoding: chunked
      Vary: Accept-Encoding
      cache-control: no-cache, no-store
      content-security-policy-report-only: 'default-src ''self'' *.oktacdn.com test.okta.com;
        connect-src ''self'' *.oktacdn.com *.mixpanel.com *.mapbox.com app.pendo.io
        data.pendo.io pendo-static-5634101834153984.storage.googleapis.com test.okta.com
        test-admin.okta.com https://oinmanager.okta.com data:; script-src ''unsafe-inline''
        ''unsafe-eval'' ''self'' *.oktacdn.com; style-src ''unsafe-inline'' ''self''
        *.oktacdn.com app.pendo.io cdn.pendo.io pendo-static-5634101834153984.storage.googleapis.com;
        frame-src ''self'' login.okta.com test.okta.com test-admin.okta.com; img-src
        ''self'' *.oktacdn.com test.okta.com *.tiles.mapbox.com *.mapbox.com app.pendo.io
        data.pendo.io cdn.pendo.io pendo-static-5634101834153984.storage.googleapis.com
        data: blob:; font-src data: ''self'' *.oktacdn.com fonts.gstatic.com; report-uri
        https://okta.report-uri.com/r/d/csp/reportOnly; report-to csp-report'
      expires: '0'
      link: <https://test.okta.com/api/v1/apps?limit=20&filter=status+eq+%22INACTIVE%22>;
        rel="self"
      p3p: CP="HONK"
      pragma: no-cache
      report-to: '{"group":"csp-report","max_age":31536000,"endpoints":[{"url":"https://okta.report-uri.com/r/d/csp/reportOnly"}],"include_subdomains":true}'
      set-cookie: JSESSIONID=F9C1ED0D89AC4663C08258F4E281CA8D; Path=/; Secure; HttpOnly
      x-content-type-options: nosniff
      x-okta-request-id: X0f36F8oS3XLfQ-outBJoAAAAPM
      x-rate-limit-limit: '100'
      x-rate-limit-remaining: '85'
      x-rate-limit-reset: '1598552087'
      x-xss-protection: 1; mode=block; report=https://okta.report-uri.com/r/d/xss/enforce
    status:
      code: 200
      message: OK
    url: https://test.okta.com/api/v1/apps/?filter=status+eq+%22INACTIVE%22
- request:
    body: null
    headers:
      Accept:
      - application/json
      Authorization:
      - SSWS myAPIToken
      Content-Type:
      - application/json
      User-Agent:
      - okta-sdk-python/1.0.0-alpha.1 python/3.8.3 Darwin/18.7.0
    method: DELETE
    uri: https://test.okta.com/api/v1/apps/0oasfbmddlaXQIxaS4x6
  response:
    body:
      string: ''
    headers:
      Connection: keep-alive
      Date: Thu, 27 Aug 2020 18:14:00 GMT
      Public-Key-Pins-Report-Only: pin-sha256="r5EfzZxQVvQpKo3AgYRaT7X2bDO/kj3ACwmxfdT2zt8=";
        pin-sha256="MaqlcUgk2mvY/RFSGeSwBRkI+rZ6/dxe/DuQfBT/vnQ="; pin-sha256="72G5IEvDEWn+EThf3qjR7/bQSWaS2ZSLqolhnO6iyJI=";
        pin-sha256="rrV6CLCCvqnk89gWibYT0JO6fNQ8cCit7GGoiVTjCOg="; max-age=60; report-uri="https://okta.report-uri.com/r/default/hpkp/reportOnly"
      Server: nginx
      Strict-Transport-Security: max-age=315360000; includeSubDomains
      cache-control: no-cache, no-store
      content-security-policy-report-only: 'default-src ''self'' *.oktacdn.com test.okta.com;
        connect-src ''self'' *.oktacdn.com *.mixpanel.com *.mapbox.com app.pendo.io
        data.pendo.io pendo-static-5634101834153984.storage.googleapis.com test.okta.com
        test-admin.okta.com https://oinmanager.okta.com data:; script-src ''unsafe-inline''
        ''unsafe-eval'' ''self'' *.oktacdn.com; style-src ''unsafe-inline'' ''self''
        *.oktacdn.com app.pendo.io cdn.pendo.io pendo-static-5634101834153984.storage.googleapis.com;
        frame-src ''self'' login.okta.com test.okta.com test-admin.okta.com; img-src
        ''self'' *.oktacdn.com test.okta.com *.tiles.mapbox.com *.mapbox.com app.pendo.io
        data.pendo.io cdn.pendo.io pendo-static-5634101834153984.storage.googleapis.com
        data: blob:; font-src data: ''self'' *.oktacdn.com fonts.gstatic.com; report-uri
        https://okta.report-uri.com/r/d/csp/reportOnly; report-to csp-report'
      expires: '0'
      p3p: CP="HONK"
      pragma: no-cache
      report-to: '{"group":"csp-report","max_age":31536000,"endpoints":[{"url":"https://okta.report-uri.com/r/d/csp/reportOnly"}],"include_subdomains":true}'
      set-cookie: JSESSIONID=86E2C0D2A4E1C246D959BD0FD6A5B08A; Path=/; Secure; HttpOnly
      x-frame-options: SAMEORIGIN
      x-okta-request-id: X0f36FUfxVqzMBUhRpVZDAAAB1w
      x-rate-limit-limit: '500'
      x-rate-limit-remaining: '487'
      x-rate-limit-reset: '1598552088'
      x-xss-protection: 1; mode=block; report=https://okta.report-uri.com/r/d/xss/enforce
    status:
      code: 204
      message: No Content
    url: https://test.okta.com/api/v1/apps/0oasfbmddlaXQIxaS4x6
version: 1
