interactions:
- request:
    body: null
    headers:
      Accept:
      - application/json
      Authorization:
      - SSWS myAPIToken
      Content-Type:
      - application/json
      User-Agent:
      - okta-sdk-python/1.0.0-alpha.1 python/3.8.3 Darwin/18.7.0
    method: POST
    uri: https://test.okta.com/api/v1/apps
  response:
    body:
      string: '{"id":"0oasfado7R3qEZcmF4x6","name":"bookmark","label":"AddBookmarkApp","status":"ACTIVE","lastUpdated":"2020-08-27T18:13:48.000Z","created":"2020-08-27T18:13:48.000Z","accessibility":{"selfService":false,"errorRedirectUrl":null,"loginRedirectUrl":null},"visibility":{"autoSubmitToolbar":false,"hide":{"iOS":false,"web":false},"appLinks":{"login":true}},"features":[],"signOnMode":"BOOKMARK","credentials":{"userNameTemplate":{"template":"${source.login}","type":"BUILT_IN"},"signing":{}},"settings":{"app":{"requestIntegration":false,"url":"https://example.com/bookmark.htm"},"extendedProperties":null,"notifications":{"vpn":{"network":{"connection":"DISABLED"},"message":null,"helpUrl":null}}},"_links":{"appLinks":[{"name":"login","href":"https://test.okta.com/home/bookmark/0oasfado7R3qEZcmF4x6/2557","type":"text/html"}],"groups":{"href":"https://test.okta.com/api/v1/apps/0oasfado7R3qEZcmF4x6/groups"},"logo":[{"name":"medium","href":"https://ok11static.oktacdn.com/assets/img/logos/bookmark-app.b81c03e2607468e5b5f9c9351c99313e.png","type":"image/png"}],"users":{"href":"https://test.okta.com/api/v1/apps/0oasfado7R3qEZcmF4x6/users"},"deactivate":{"href":"https://test.okta.com/api/v1/apps/0oasfado7R3qEZcmF4x6/lifecycle/deactivate"}}}'
    headers:
      Connection: keep-alive
      Content-Encoding: gzip
      Content-Type: application/json;charset=UTF-8
      Date: Thu, 27 Aug 2020 18:13:48 GMT
      Public-Key-Pins-Report-Only: pin-sha256="r5EfzZxQVvQpKo3AgYRaT7X2bDO/kj3ACwmxfdT2zt8=";
        pin-sha256="MaqlcUgk2mvY/RFSGeSwBRkI+rZ6/dxe/DuQfBT/vnQ="; pin-sha256="72G5IEvDEWn+EThf3qjR7/bQSWaS2ZSLqolhnO6iyJI=";
        pin-sha256="rrV6CLCCvqnk89gWibYT0JO6fNQ8cCit7GGoiVTjCOg="; max-age=60; report-uri="https://okta.report-uri.com/r/default/hpkp/reportOnly"
      Server: nginx
      Strict-Transport-Security: max-age=315360000; includeSubDomains
      Transfer-Encoding: chunked
      Vary: Accept-Encoding
      cache-control: no-cache, no-store
      content-security-policy-report-only: 'default-src ''self'' *.oktacdn.com test.okta.com;
        connect-src ''self'' *.oktacdn.com *.mixpanel.com *.mapbox.com app.pendo.io
        data.pendo.io pendo-static-5634101834153984.storage.googleapis.com test.okta.com
        test-admin.okta.com https://oinmanager.okta.com data:; script-src ''unsafe-inline''
        ''unsafe-eval'' ''self'' *.oktacdn.com; style-src ''unsafe-inline'' ''self''
        *.oktacdn.com app.pendo.io cdn.pendo.io pendo-static-5634101834153984.storage.googleapis.com;
        frame-src ''self'' login.okta.com test.okta.com test-admin.okta.com; img-src
        ''self'' *.oktacdn.com test.okta.com *.tiles.mapbox.com *.mapbox.com app.pendo.io
        data.pendo.io cdn.pendo.io pendo-static-5634101834153984.storage.googleapis.com
        data: blob:; font-src data: ''self'' *.oktacdn.com fonts.gstatic.com; report-uri
        https://example.com/csp/reportOnly; report-to csp-report'
      expires: '0'
      p3p: CP="HONK"
      pragma: no-cache
      report-to: '{"group":"csp-report","max_age":31536000,"endpoints":[{"url":"https://example.com/csp/reportOnly"}],"include_subdomains":true}'
      set-cookie: JSESSIONID=360614FAFC3D87647E419C368FE777E3; Path=/; Secure; HttpOnly
      x-content-type-options: nosniff
      x-okta-request-id: X0f320CQjts@CWVeq4@3gAAABa8
      x-rate-limit-limit: '100'
      x-rate-limit-remaining: '99'
      x-rate-limit-reset: '1598552087'
      x-xss-protection: 1; mode=block; report=https://okta.report-uri.com/r/d/xss/enforce
    status:
      code: 200
      message: OK
    url: https://test.okta.com/api/v1/apps
- request:
    body: null
    headers:
      Accept:
      - application/json
      Authorization:
      - SSWS myAPIToken
      Content-Type:
      - application/json
      User-Agent:
      - okta-sdk-python/1.0.0-alpha.1 python/3.8.3 Darwin/18.7.0
    method: GET
    uri: https://test.okta.com/api/v1/apps/0oasfado7R3qEZcmF4x6
  response:
    body:
      string: '{"id":"0oasfado7R3qEZcmF4x6","name":"bookmark","label":"AddBookmarkApp","status":"ACTIVE","lastUpdated":"2020-08-27T18:13:48.000Z","created":"2020-08-27T18:13:48.000Z","accessibility":{"selfService":false,"errorRedirectUrl":null,"loginRedirectUrl":null},"visibility":{"autoSubmitToolbar":false,"hide":{"iOS":false,"web":false},"appLinks":{"login":true}},"features":[],"signOnMode":"BOOKMARK","credentials":{"userNameTemplate":{"template":"${source.login}","type":"BUILT_IN"},"signing":{}},"settings":{"app":{"requestIntegration":false,"url":"https://example.com/bookmark.htm"},"extendedProperties":null,"notifications":{"vpn":{"network":{"connection":"DISABLED"},"message":null,"helpUrl":null}}},"_links":{"appLinks":[{"name":"login","href":"https://test.okta.com/home/bookmark/0oasfado7R3qEZcmF4x6/2557","type":"text/html"}],"groups":{"href":"https://test.okta.com/api/v1/apps/0oasfado7R3qEZcmF4x6/groups"},"logo":[{"name":"medium","href":"https://ok11static.oktacdn.com/assets/img/logos/bookmark-app.b81c03e2607468e5b5f9c9351c99313e.png","type":"image/png"}],"users":{"href":"https://test.okta.com/api/v1/apps/0oasfado7R3qEZcmF4x6/users"},"deactivate":{"href":"https://test.okta.com/api/v1/apps/0oasfado7R3qEZcmF4x6/lifecycle/deactivate"}}}'
    headers:
      Connection: close
      Content-Encoding: gzip
      Content-Type: application/json;charset=UTF-8
      Date: Thu, 27 Aug 2020 18:13:48 GMT
      Public-Key-Pins-Report-Only: pin-sha256="r5EfzZxQVvQpKo3AgYRaT7X2bDO/kj3ACwmxfdT2zt8=";
        pin-sha256="MaqlcUgk2mvY/RFSGeSwBRkI+rZ6/dxe/DuQfBT/vnQ="; pin-sha256="72G5IEvDEWn+EThf3qjR7/bQSWaS2ZSLqolhnO6iyJI=";
        pin-sha256="rrV6CLCCvqnk89gWibYT0JO6fNQ8cCit7GGoiVTjCOg="; max-age=60; report-uri="https://okta.report-uri.com/r/default/hpkp/reportOnly"
      Server: nginx
      Strict-Transport-Security: max-age=315360000; includeSubDomains
      Transfer-Encoding: chunked
      Vary: Accept-Encoding
      cache-control: no-cache, no-store
      content-security-policy-report-only: 'default-src ''self'' *.oktacdn.com test.okta.com;
        connect-src ''self'' *.oktacdn.com *.mixpanel.com *.mapbox.com app.pendo.io
        data.pendo.io pendo-static-5634101834153984.storage.googleapis.com test.okta.com
        test-admin.okta.com https://oinmanager.okta.com data:; script-src ''unsafe-inline''
        ''unsafe-eval'' ''self'' *.oktacdn.com; style-src ''unsafe-inline'' ''self''
        *.oktacdn.com app.pendo.io cdn.pendo.io pendo-static-5634101834153984.storage.googleapis.com;
        frame-src ''self'' login.okta.com test.okta.com test-admin.okta.com; img-src
        ''self'' *.oktacdn.com test.okta.com *.tiles.mapbox.com *.mapbox.com app.pendo.io
        data.pendo.io cdn.pendo.io pendo-static-5634101834153984.storage.googleapis.com
        data: blob:; font-src data: ''self'' *.oktacdn.com fonts.gstatic.com; report-uri
        https://example.com/csp/reportOnly; report-to csp-report'
      expires: '0'
      p3p: CP="HONK"
      pragma: no-cache
      report-to: '{"group":"csp-report","max_age":31536000,"endpoints":[{"url":"https://example.com/csp/reportOnly"}],"include_subdomains":true}'
      set-cookie: JSESSIONID=949E1357E1E237F105AF865A2FB43EE1; Path=/; Secure; HttpOnly
      x-content-type-options: nosniff
      x-okta-request-id: X0f33KWGcXrTtptk4FMXRgAAA1A
      x-rate-limit-limit: '500'
      x-rate-limit-remaining: '499'
      x-rate-limit-reset: '1598552088'
      x-xss-protection: 1; mode=block; report=https://okta.report-uri.com/r/d/xss/enforce
    status:
      code: 200
      message: OK
    url: https://test.okta.com/api/v1/apps/0oasfado7R3qEZcmF4x6
- request:
    body: null
    headers:
      Accept:
      - application/json
      Authorization:
      - SSWS myAPIToken
      Content-Type:
      - application/json
      User-Agent:
      - okta-sdk-python/1.0.0-alpha.1 python/3.8.3 Darwin/18.7.0
    method: POST
    uri: https://test.okta.com/api/v1/apps/0oasfado7R3qEZcmF4x6/lifecycle/deactivate
  response:
    body:
      string: '{}'
    headers:
      Connection: keep-alive
      Content-Encoding: gzip
      Content-Type: application/json;charset=UTF-8
      Date: Thu, 27 Aug 2020 18:13:48 GMT
      Public-Key-Pins-Report-Only: pin-sha256="r5EfzZxQVvQpKo3AgYRaT7X2bDO/kj3ACwmxfdT2zt8=";
        pin-sha256="MaqlcUgk2mvY/RFSGeSwBRkI+rZ6/dxe/DuQfBT/vnQ="; pin-sha256="72G5IEvDEWn+EThf3qjR7/bQSWaS2ZSLqolhnO6iyJI=";
        pin-sha256="rrV6CLCCvqnk89gWibYT0JO6fNQ8cCit7GGoiVTjCOg="; max-age=60; report-uri="https://okta.report-uri.com/r/default/hpkp/reportOnly"
      Server: nginx
      Strict-Transport-Security: max-age=315360000; includeSubDomains
      Transfer-Encoding: chunked
      Vary: Accept-Encoding
      cache-control: no-cache, no-store
      content-security-policy-report-only: 'default-src ''self'' *.oktacdn.com test.okta.com;
        connect-src ''self'' *.oktacdn.com *.mixpanel.com *.mapbox.com app.pendo.io
        data.pendo.io pendo-static-5634101834153984.storage.googleapis.com test.okta.com
        test-admin.okta.com https://oinmanager.okta.com data:; script-src ''unsafe-inline''
        ''unsafe-eval'' ''self'' *.oktacdn.com; style-src ''unsafe-inline'' ''self''
        *.oktacdn.com app.pendo.io cdn.pendo.io pendo-static-5634101834153984.storage.googleapis.com;
        frame-src ''self'' login.okta.com test.okta.com test-admin.okta.com; img-src
        ''self'' *.oktacdn.com test.okta.com *.tiles.mapbox.com *.mapbox.com app.pendo.io
        data.pendo.io cdn.pendo.io pendo-static-5634101834153984.storage.googleapis.com
        data: blob:; font-src data: ''self'' *.oktacdn.com fonts.gstatic.com; report-uri
        https://example.com/csp/reportOnly; report-to csp-report'
      expires: '0'
      p3p: CP="HONK"
      pragma: no-cache
      report-to: '{"group":"csp-report","max_age":31536000,"endpoints":[{"url":"https://example.com/csp/reportOnly"}],"include_subdomains":true}'
      set-cookie: JSESSIONID=9418ECC422F1C69981DCCED9F8645C5D; Path=/; Secure; HttpOnly
      x-content-type-options: nosniff
      x-okta-request-id: X0f33C30n5ak4VN@XaIrXAAABYU
      x-rate-limit-limit: '100'
      x-rate-limit-remaining: '98'
      x-rate-limit-reset: '1598552087'
      x-xss-protection: 1; mode=block; report=https://okta.report-uri.com/r/d/xss/enforce
    status:
      code: 200
      message: OK
    url: https://test.okta.com/api/v1/apps/0oasfado7R3qEZcmF4x6/lifecycle/deactivate
- request:
    body: null
    headers:
      Accept:
      - application/json
      Authorization:
      - SSWS myAPIToken
      Content-Type:
      - application/json
      User-Agent:
      - okta-sdk-python/1.0.0-alpha.1 python/3.8.3 Darwin/18.7.0
    method: DELETE
    uri: https://test.okta.com/api/v1/apps/0oasfado7R3qEZcmF4x6
  response:
    body:
      string: ''
    headers:
      Connection: keep-alive
      Date: Thu, 27 Aug 2020 18:13:48 GMT
      Public-Key-Pins-Report-Only: pin-sha256="r5EfzZxQVvQpKo3AgYRaT7X2bDO/kj3ACwmxfdT2zt8=";
        pin-sha256="MaqlcUgk2mvY/RFSGeSwBRkI+rZ6/dxe/DuQfBT/vnQ="; pin-sha256="72G5IEvDEWn+EThf3qjR7/bQSWaS2ZSLqolhnO6iyJI=";
        pin-sha256="rrV6CLCCvqnk89gWibYT0JO6fNQ8cCit7GGoiVTjCOg="; max-age=60; report-uri="https://okta.report-uri.com/r/default/hpkp/reportOnly"
      Server: nginx
      Strict-Transport-Security: max-age=315360000; includeSubDomains
      cache-control: no-cache, no-store
      content-security-policy-report-only: 'default-src ''self'' *.oktacdn.com test.okta.com;
        connect-src ''self'' *.oktacdn.com *.mixpanel.com *.mapbox.com app.pendo.io
        data.pendo.io pendo-static-5634101834153984.storage.googleapis.com test.okta.com
        test-admin.okta.com https://oinmanager.okta.com data:; script-src ''unsafe-inline''
        ''unsafe-eval'' ''self'' *.oktacdn.com; style-src ''unsafe-inline'' ''self''
        *.oktacdn.com app.pendo.io cdn.pendo.io pendo-static-5634101834153984.storage.googleapis.com;
        frame-src ''self'' login.okta.com test.okta.com test-admin.okta.com; img-src
        ''self'' *.oktacdn.com test.okta.com *.tiles.mapbox.com *.mapbox.com app.pendo.io
        data.pendo.io cdn.pendo.io pendo-static-5634101834153984.storage.googleapis.com
        data: blob:; font-src data: ''self'' *.oktacdn.com fonts.gstatic.com; report-uri
        https://example.com/csp/reportOnly; report-to csp-report'
      expires: '0'
      p3p: CP="HONK"
      pragma: no-cache
      report-to: '{"group":"csp-report","max_age":31536000,"endpoints":[{"url":"https://example.com/csp/reportOnly"}],"include_subdomains":true}'
      set-cookie: JSESSIONID=93ECC4C2DC36BA30502C7FAB2B823FF5; Path=/; Secure; HttpOnly
      x-frame-options: SAMEORIGIN
      x-okta-request-id: X0f33J5Kk@1h6qjS2ssf6AAAAEI
      x-rate-limit-limit: '500'
      x-rate-limit-remaining: '498'
      x-rate-limit-reset: '1598552088'
      x-xss-protection: 1; mode=block; report=https://okta.report-uri.com/r/d/xss/enforce
    status:
      code: 204
      message: No Content
    url: https://test.okta.com/api/v1/apps/0oasfado7R3qEZcmF4x6
version: 1
